../Core/Src/convert.c:3:7:abs_float	16	static
../Core/Src/convert.c:6:7:min_float	16	static
../Core/Src/convert.c:9:7:square_float	16	static
../Core/Src/convert.c:12:7:dist_squared	32	static
../Core/Src/convert.c:16:9:min_uint8	16	static
../Core/Src/convert.c:19:9:max_uint8	16	static
../Core/Src/convert.c:23:9:lcm_uint8	24	static
../Core/Src/convert.c:39:9:abs_int16	16	static
../Core/Src/convert.c:43:10:get_uint16	24	static
../Core/Src/convert.c:55:10:parse_uint16_t_until	24	static
../Core/Src/convert.c:69:7:parse_float_until	40	static
../Core/Src/convert.c:93:14:get_L	16	static
../Core/Src/convert.c:96:14:get_turning_r_steer_cm	24	static
../Core/Src/convert.c:99:7:get_turning_r_back_cm	24	static
../Core/Src/convert.c:102:7:get_turning_r_robot_cm	32	static
../Core/Src/convert.c:111:7:get_w_ms	16	static
../Core/Src/convert.c:115:7:get_w_gyro	16	static
../Core/Src/convert.c:123:14:mod_360	16	static
../Core/Src/convert.c:129:7:add_angle	16	static
../Core/Src/convert.c:133:7:angle_diff_180	16	static
../Core/Src/convert.c:136:7:angle_diff_dir	32	static
../Core/Src/convert.c:145:7:get_distance_cm	16	static
../Core/Src/convert.c:149:7:get_arc_length	24	static
