../Core/Src/main.c:150:13:serial_inc_ring	1
../Core/Src/main.c:155:6:HAL_UART_RxCpltCallback	2
../Core/Src/main.c:167:6:HAL_TIM_PeriodElapsedCallback	2
../Core/Src/main.c:178:6:HAL_TIM_IC_CaptureCallback	2
../Core/Src/main.c:207:6:encoders_zero	1
../Core/Src/main.c:212:6:odom_reset_all	1
../Core/Src/main.c:230:6:TIM6_Set1MHz	4
../Core/Src/main.c:246:6:dump_tim8_regs	3
../Core/Src/main.c:259:6:test_gyro_raw	1
../Core/Src/main.c:267:23:enc_read_L	1
../Core/Src/main.c:268:23:enc_read_R	1
../Core/Src/main.c:271:13:print_enc_once	1
../Core/Src/main.c:286:5:main	74
../Core/Src/main.c:756:6:SystemClock_Config	3
../Core/Src/main.c:798:13:MX_ADC1_Init	3
../Core/Src/main.c:850:13:MX_ADC2_Init	3
../Core/Src/main.c:902:13:MX_I2C2_Init	2
../Core/Src/main.c:936:13:MX_TIM1_Init	4
../Core/Src/main.c:982:13:MX_TIM2_Init	3
../Core/Src/main.c:1031:13:MX_TIM3_Init	3
../Core/Src/main.c:1080:13:MX_TIM6_Init	3
../Core/Src/main.c:1118:13:MX_TIM7_Init	3
../Core/Src/main.c:1156:13:MX_TIM9_Init	6
../Core/Src/main.c:1212:13:MX_TIM10_Init	4
../Core/Src/main.c:1258:13:MX_TIM11_Init	4
../Core/Src/main.c:1304:13:MX_TIM12_Init	5
../Core/Src/main.c:1356:13:MX_USART3_UART_Init	2
../Core/Src/main.c:1389:13:MX_GPIO_Init	1
../Core/Src/main.c:1459:6:Error_Handler	1
