../Core/Src/motor.c:33:13:timer_reset	16	static
../Core/Src/motor.c:35:13:dbg_printf	176	static
../Core/Src/motor.c:46:24:arr9	4	static
../Core/Src/motor.c:47:24:arr10	4	static
../Core/Src/motor.c:48:24:arr11	4	static
../Core/Src/motor.c:50:24:clamp_to_arr	16	static
../Core/Src/motor.c:56:19:use_single_encoder	4	static
../Core/Src/motor.c:57:20:note_right_activity	16	static
../Core/Src/motor.c:60:19:right_is_dead	8	static
../Core/Src/motor.c:73:13:motorA_apply	24	static
../Core/Src/motor.c:101:13:motorB_apply	24	static
../Core/Src/motor.c:129:6:setDriveDir	24	static
../Core/Src/motor.c:152:6:motor_init	16	static
../Core/Src/motor.c:191:6:brakeMotors	24	static
../Core/Src/motor.c:217:16:getCount	16	static
../Core/Src/motor.c:222:7:motor_getDist	32	static
../Core/Src/motor.c:260:14:motor_getSpeed	24	static
../Core/Src/motor.c:268:16:getSpeedPwm	24	static
../Core/Src/motor.c:278:13:setPwmLR	16	static
../Core/Src/motor.c:305:6:motor_pwmCorrection	112	static
../Core/Src/motor.c:435:6:motor_setDrive	16	static
../Core/Src/motor.c:465:9:clamp_s16	16	static
../Core/Src/motor.c:471:9:apply_deadzone	16	static
../Core/Src/motor.c:480:6:motor_dist_reset	8	static
../Core/Src/motor.c:488:20:coastMotors	4	static
../Core/Src/motor.c:496:6:debug_pwm_values	224	static
../Core/Src/motor.c:513:6:setSpeedDuty	16	static
