../Core/Src/sensors.c:18:14:lpf	24	static
../Core/Src/sensors.c:28:14:read_mag_angle	48	static
../Core/Src/sensors.c:40:6:sensors_init	32	static
../Core/Src/sensors.c:61:6:sensors_us_trig	8	static
../Core/Src/sensors.c:72:6:sensors_read_usDist	32	static
../Core/Src/sensors.c:84:14:irValueToDist	24	static
../Core/Src/sensors.c:95:6:sensors_read_irDist	24	static
../Core/Src/sensors.c:125:6:sensors_read_gyroZ	16	static
../Core/Src/sensors.c:132:6:sensors_read_accel	24	static
../Core/Src/sensors.c:140:6:sensors_read_heading	24	static
../Core/Src/sensors.c:147:6:sensors_set_bias	56	static
../Core/Src/sensors.c:175:6:sensors_get_ir_raw	16	static
../Core/Src/sensors.c:180:7:sensors_get_us_raw_cm	4	static
../Core/Src/sensors.c:184:10:sensors_get_us_age_ms	16	static
../Core/Src/sensors.c:189:7:sensors_get_ir_cm	16	static
../Core/Src/sensors.c:193:7:sensors_get_us_cm	4	static
../Core/Src/sensors.c:197:7:sensors_ir_counts_to_cm	24	static
