Archive member included to satisfy reference by file (symbol)

C:/ST/STM32CubeIDE_1.19.0/STM32CubeIDE/plugins/com.st.stm32cube.ide.mcu.externaltools.gnu-tools-for-stm32.13.3.rel1.win32_1.0.0.202411081344/tools/bin/../lib/gcc/arm-none-eabi/13.3.1/../../../../arm-none-eabi/lib/thumb/v7e-m+fp/hard\libc_nano.a(libc_a-exit.o)
                              C:/ST/STM32CubeIDE_1.19.0/STM32CubeIDE/plugins/com.st.stm32cube.ide.mcu.externaltools.gnu-tools-for-stm32.13.3.rel1.win32_1.0.0.202411081344/tools/bin/../lib/gcc/arm-none-eabi/13.3.1/../../../../arm-none-eabi/lib/thumb/v7e-m+fp/hard/crt0.o (exit)
C:/ST/STM32CubeIDE_1.19.0/STM32CubeIDE/plugins/com.st.stm32cube.ide.mcu.externaltools.gnu-tools-for-stm32.13.3.rel1.win32_1.0.0.202411081344/tools/bin/../lib/gcc/arm-none-eabi/13.3.1/../../../../arm-none-eabi/lib/thumb/v7e-m+fp/hard\libc_nano.a(libc_a-malloc.o)
                              ./Core/Src/commands.o (malloc)
C:/ST/STM32CubeIDE_1.19.0/STM32CubeIDE/plugins/com.st.stm32cube.ide.mcu.externaltools.gnu-tools-for-stm32.13.3.rel1.win32_1.0.0.202411081344/tools/bin/../lib/gcc/arm-none-eabi/13.3.1/../../../../arm-none-eabi/lib/thumb/v7e-m+fp/hard\libc_nano.a(libc_a-mallocr.o)
                              C:/ST/STM32CubeIDE_1.19.0/STM32CubeIDE/plugins/com.st.stm32cube.ide.mcu.externaltools.gnu-tools-for-stm32.13.3.rel1.win32_1.0.0.202411081344/tools/bin/../lib/gcc/arm-none-eabi/13.3.1/../../../../arm-none-eabi/lib/thumb/v7e-m+fp/hard\libc_nano.a(libc_a-malloc.o) (_malloc_r)
C:/ST/STM32CubeIDE_1.19.0/STM32CubeIDE/plugins/com.st.stm32cube.ide.mcu.externaltools.gnu-tools-for-stm32.13.3.rel1.win32_1.0.0.202411081344/tools/bin/../lib/gcc/arm-none-eabi/13.3.1/../../../../arm-none-eabi/lib/thumb/v7e-m+fp/hard\libc_nano.a(libc_a-mlock.o)
                              C:/ST/STM32CubeIDE_1.19.0/STM32CubeIDE/plugins/com.st.stm32cube.ide.mcu.externaltools.gnu-tools-for-stm32.13.3.rel1.win32_1.0.0.202411081344/tools/bin/../lib/gcc/arm-none-eabi/13.3.1/../../../../arm-none-eabi/lib/thumb/v7e-m+fp/hard\libc_nano.a(libc_a-mallocr.o) (__malloc_lock)
C:/ST/STM32CubeIDE_1.19.0/STM32CubeIDE/plugins/com.st.stm32cube.ide.mcu.externaltools.gnu-tools-for-stm32.13.3.rel1.win32_1.0.0.202411081344/tools/bin/../lib/gcc/arm-none-eabi/13.3.1/../../../../arm-none-eabi/lib/thumb/v7e-m+fp/hard\libc_nano.a(libc_a-nano-vfprintf_float.o)
                              (_printf_float)
C:/ST/STM32CubeIDE_1.19.0/STM32CubeIDE/plugins/com.st.stm32cube.ide.mcu.externaltools.gnu-tools-for-stm32.13.3.rel1.win32_1.0.0.202411081344/tools/bin/../lib/gcc/arm-none-eabi/13.3.1/../../../../arm-none-eabi/lib/thumb/v7e-m+fp/hard\libc_nano.a(libc_a-nano-vfprintf_i.o)
                              C:/ST/STM32CubeIDE_1.19.0/STM32CubeIDE/plugins/com.st.stm32cube.ide.mcu.externaltools.gnu-tools-for-stm32.13.3.rel1.win32_1.0.0.202411081344/tools/bin/../lib/gcc/arm-none-eabi/13.3.1/../../../../arm-none-eabi/lib/thumb/v7e-m+fp/hard\libc_nano.a(libc_a-nano-vfprintf_float.o) (_printf_common)
C:/ST/STM32CubeIDE_1.19.0/STM32CubeIDE/plugins/com.st.stm32cube.ide.mcu.externaltools.gnu-tools-for-stm32.13.3.rel1.win32_1.0.0.202411081344/tools/bin/../lib/gcc/arm-none-eabi/13.3.1/../../../../arm-none-eabi/lib/thumb/v7e-m+fp/hard\libc_nano.a(libc_a-findfp.o)
                              C:/ST/STM32CubeIDE_1.19.0/STM32CubeIDE/plugins/com.st.stm32cube.ide.mcu.externaltools.gnu-tools-for-stm32.13.3.rel1.win32_1.0.0.202411081344/tools/bin/../lib/gcc/arm-none-eabi/13.3.1/../../../../arm-none-eabi/lib/thumb/v7e-m+fp/hard\libc_nano.a(libc_a-exit.o) (__stdio_exit_handler)
C:/ST/STM32CubeIDE_1.19.0/STM32CubeIDE/plugins/com.st.stm32cube.ide.mcu.externaltools.gnu-tools-for-stm32.13.3.rel1.win32_1.0.0.202411081344/tools/bin/../lib/gcc/arm-none-eabi/13.3.1/../../../../arm-none-eabi/lib/thumb/v7e-m+fp/hard\libc_nano.a(libc_a-fwalk.o)
                              C:/ST/STM32CubeIDE_1.19.0/STM32CubeIDE/plugins/com.st.stm32cube.ide.mcu.externaltools.gnu-tools-for-stm32.13.3.rel1.win32_1.0.0.202411081344/tools/bin/../lib/gcc/arm-none-eabi/13.3.1/../../../../arm-none-eabi/lib/thumb/v7e-m+fp/hard\libc_nano.a(libc_a-findfp.o) (_fwalk_sglue)
C:/ST/STM32CubeIDE_1.19.0/STM32CubeIDE/plugins/com.st.stm32cube.ide.mcu.externaltools.gnu-tools-for-stm32.13.3.rel1.win32_1.0.0.202411081344/tools/bin/../lib/gcc/arm-none-eabi/13.3.1/../../../../arm-none-eabi/lib/thumb/v7e-m+fp/hard\libc_nano.a(libc_a-snprintf.o)
                              ./Core/Src/ICM20948_SelfTest.o (snprintf)
C:/ST/STM32CubeIDE_1.19.0/STM32CubeIDE/plugins/com.st.stm32cube.ide.mcu.externaltools.gnu-tools-for-stm32.13.3.rel1.win32_1.0.0.202411081344/tools/bin/../lib/gcc/arm-none-eabi/13.3.1/../../../../arm-none-eabi/lib/thumb/v7e-m+fp/hard\libc_nano.a(libc_a-stdio.o)
[...]
Memory Configuration

Name             Origin             Length             Attributes
CCMRAM           0x10000000         0x00010000         xrw
RAM              0x20000000         0x00020000         xrw
FLASH            0x08000000         0x00080000         xr
*default*        0x00000000         0xffffffff

Linker script and memory map

LOAD C:/ST/STM32CubeIDE_1.19.0/STM32CubeIDE/plugins/com.st.stm32cube.ide.mcu.externaltools.gnu-tools-for-stm32.13.3.rel1.win32_1.0.0.202411081344/tools/bin/../lib/gcc/arm-none-eabi/13.3.1/thumb/v7e-m+fp/hard/crti.o
LOAD C:/ST/STM32CubeIDE_1.19.0/STM32CubeIDE/plugins/com.st.stm32cube.ide.mcu.externaltools.gnu-tools-for-stm32.13.3.rel1.win32_1.0.0.202411081344/tools/bin/../lib/gcc/arm-none-eabi/13.3.1/thumb/v7e-m+fp/hard/crtbegin.o
LOAD C:/ST/STM32CubeIDE_1.19.0/STM32CubeIDE/plugins/com.st.stm32cube.ide.mcu.externaltools.gnu-tools-for-stm32.13.3.rel1.win32_1.0.0.202411081344/tools/bin/../lib/gcc/arm-none-eabi/13.3.1/../../../../arm-none-eabi/lib/thumb/v7e-m+fp/hard/crt0.o
LOAD ./Core/Src/ICM20948.o
LOAD ./Core/Src/ICM20948_SelfTest.o
LOAD ./Core/Src/angle.o
LOAD ./Core/Src/commands.o
LOAD ./Core/Src/convert.o
LOAD ./Core/Src/delay_us.o
LOAD ./Core/Src/display_status.o
LOAD ./Core/Src/dist.o
LOAD ./Core/Src/kalman.o
LOAD ./Core/Src/mag_cal.o
LOAD ./Core/Src/main.o
LOAD ./Core/Src/motion.o
LOAD ./Core/Src/motor.o
LOAD ./Core/Src/pid.o
LOAD ./Core/Src/sensor_test.o
LOAD ./Core/Src/sensors.o
LOAD ./Core/Src/servo.o
LOAD ./Core/Src/stm32f4xx_hal_msp.o
LOAD ./Core/Src/stm32f4xx_it.o
LOAD ./Core/Src/syscalls.o
LOAD ./Core/Src/sysmem.o
LOAD ./Core/Src/system_stm32f4xx.o
LOAD ./Core/Src/tim6_pulse_capt.o
LOAD ./Core/Src/user_input.o
LOAD ./Core/Startup/startup_stm32f407vetx.o
LOAD ./Drivers/STM32F4xx_HAL_Driver/Src/stm32f4xx_hal.o
LOAD ./Drivers/STM32F4xx_HAL_Driver/Src/stm32f4xx_hal_adc.o
LOAD ./Drivers/STM32F4xx_HAL_Driver/Src/stm32f4xx_hal_adc_ex.o
LOAD ./Drivers/STM32F4xx_HAL_Driver/Src/stm32f4xx_hal_cortex.o
LOAD ./Drivers/STM32F4xx_HAL_Driver/Src/stm32f4xx_hal_dma.o
LOAD ./Drivers/STM32F4xx_HAL_Driver/Src/stm32f4xx_hal_dma_ex.o
LOAD ./Drivers/STM32F4xx_HAL_Driver/Src/stm32f4xx_hal_exti.o
LOAD ./Drivers/STM32F4xx_HAL_Driver/Src/stm32f4xx_hal_flash.o
LOAD ./Drivers/STM32F4xx_HAL_Driver/Src/stm32f4xx_hal_flash_ex.o
LOAD ./Drivers/STM32F4xx_HAL_Driver/Src/stm32f4xx_hal_flash_ramfunc.o
LOAD ./Drivers/STM32F4xx_HAL_Driver/Src/stm32f4xx_hal_gpio.o
LOAD ./Drivers/STM32F4xx_HAL_Driver/Src/stm32f4xx_hal_i2c.o
LOAD ./Drivers/STM32F4xx_HAL_Driver/Src/stm32f4xx_hal_i2c_ex.o
LOAD ./Drivers/STM32F4xx_HAL_Driver/Src/stm32f4xx_hal_pwr.o
LOAD ./Drivers/STM32F4xx_HAL_Driver/Src/stm32f4xx_hal_pwr_ex.o
LOAD ./Drivers/STM32F4xx_HAL_Driver/Src/stm32f4xx_hal_rcc.o
LOAD ./Drivers/STM32F4xx_HAL_Driver/Src/stm32f4xx_hal_rcc_ex.o
LOAD ./Drivers/STM32F4xx_HAL_Driver/Src/stm32f4xx_hal_tim.o
LOAD ./Drivers/STM32F4xx_HAL_Driver/Src/stm32f4xx_hal_tim_ex.o
LOAD ./Drivers/STM32F4xx_HAL_Driver/Src/stm32f4xx_hal_uart.o
LOAD ./Drivers/STM32F4xx_HAL_Driver/Src/stm32f4xx_ll_adc.o
LOAD ./PeripheralDrivers/Src/oled.o
START GROUP
LOAD C:/ST/STM32CubeIDE_1.19.0/STM32CubeIDE/plugins/com.st.stm32cube.ide.mcu.externaltools.gnu-tools-for-stm32.13.3.rel1.win32_1.0.0.202411081344/tools/bin/../lib/gcc/arm-none-eabi/13.3.1/../../../../arm-none-eabi/lib/thumb/v7e-m+fp/hard\libc_nano.a
LOAD C:/ST/STM32CubeIDE_1.19.0/STM32CubeIDE/plugins/com.st.stm32cube.ide.mcu.externaltools.gnu-tools-for-stm32.13.3.rel1.win32_1.0.0.202411081344/tools/bin/../lib/gcc/arm-none-eabi/13.3.1/../../../../arm-none-eabi/lib/thumb/v7e-m+fp/hard\libm.a
END GROUP
START GROUP
LOAD C:/ST/STM32CubeIDE_1.19.0/STM32CubeIDE/plugins/com.st.stm32cube.ide.mcu.externaltools.gnu-tools-for-stm32.13.3.rel1.win32_1.0.0.202411081344/tools/bin/../lib/gcc/arm-none-eabi/13.3.1/thumb/v7e-m+fp/hard\libgcc.a
LOAD C:/ST/STM32CubeIDE_1.19.0/STM32CubeIDE/plugins/com.st.stm32cube.ide.mcu.externaltools.gnu-tools-for-stm32.13.3.rel1.win32_1.0.0.202411081344/tools/bin/../lib/gcc/arm-none-eabi/13.3.1/../../../../arm-none-eabi/lib/thumb/v7e-m+fp/hard\libc_nano.a
END GROUP
START GROUP
LOAD C:/ST/STM32CubeIDE_1.19.0/STM32CubeIDE/plugins/com.st.stm32cube.ide.mcu.externaltools.gnu-tools-for-stm32.13.3.rel1.win32_1.0.0.202411081344/tools/bin/../lib/gcc/arm-none-eabi/13.3.1/thumb/v7e-m+fp/hard\libgcc.a
LOAD C:/ST/STM32CubeIDE_1.19.0/STM32CubeIDE/plugins/com.st.stm32cube.ide.mcu.externaltools.gnu-tools-for-stm32.13.3.rel1.win32_1.0.0.202411081344/tools/bin/../lib/gcc/arm-none-eabi/13.3.1/../../../../arm-none-eabi/lib/thumb/v7e-m+fp/hard\libc_nano.a
LOAD C:/ST/STM32CubeIDE_1.19.0/STM32CubeIDE/plugins/com.st.stm32cube.ide.mcu.externaltools.gnu-tools-for-stm32.13.3.rel1.win32_1.0.0.202411081344/tools/bin/../lib/gcc/arm-none-eabi/13.3.1/../../../../arm-none-eabi/lib/thumb/v7e-m+fp/hard\libnosys.a
END GROUP
START GROUP
LOAD C:/ST/STM32CubeIDE_1.19.0/STM32CubeIDE/plugins/com.st.stm32cube.ide.mcu.externaltools.gnu-tools-for-stm32.13.3.rel1.win32_1.0.0.202411081344/tools/bin/../lib/gcc/arm-none-eabi/13.3.1/thumb/v7e-m+fp/hard\libgcc.a
LOAD C:/ST/STM32CubeIDE_1.19.0/STM32CubeIDE/plugins/com.st.stm32cube.ide.mcu.externaltools.gnu-tools-for-stm32.13.3.rel1.win32_1.0.0.202411081344/tools/bin/../lib/gcc/arm-none-eabi/13.3.1/../../../../arm-none-eabi/lib/thumb/v7e-m+fp/hard\libc_nano.a
LOAD C:/ST/STM32CubeIDE_1.19.0/STM32CubeIDE/plugins/com.st.stm32cube.ide.mcu.externaltools.gnu-tools-for-stm32.13.3.rel1.win32_1.0.0.202411081344/tools/bin/../lib/gcc/arm-none-eabi/13.3.1/../../../../arm-none-eabi/lib/thumb/v7e-m+fp/hard\libnosys.a
END GROUP
LOAD C:/ST/STM32CubeIDE_1.19.0/STM32CubeIDE/plugins/com.st.stm32cube.ide.mcu.externaltools.gnu-tools-for-stm32.13.3.rel1.win32_1.0.0.202411081344/tools/bin/../lib/gcc/arm-none-eabi/13.3.1/thumb/v7e-m+fp/hard/crtend.o
LOAD C:/ST/STM32CubeIDE_1.19.0/STM32CubeIDE/plugins/com.st.stm32cube.ide.mcu.externaltools.gnu-tools-for-stm32.13.3.rel1.win32_1.0.0.202411081344/tools/bin/../lib/gcc/arm-none-eabi/13.3.1/thumb/v7e-m+fp/hard/crtn.o
                0x20020000                        _estack = (ORIGIN (RAM) + LENGTH (RAM))
                0x00000200                        _Min_Heap_Size = 0x200
                0x00000400                        _Min_Stack_Size = 0x400

.isr_vector     0x08000000      0x188
                0x08000000                        . = ALIGN (0x4)
 *(.isr_vector)
 .isr_vector    0x08000000      0x188 ./Core/Startup/startup_stm32f407vetx.o
                0x08000000                g_pfnVectors
                0x08000188                        . = ALIGN (0x4)

.text           0x08000190    0x10698
                0x08000190                        . = ALIGN (0x4)
 *(.text)
 .text          0x08000190       0x40 C:/ST/STM32CubeIDE_1.19.0/STM32CubeIDE/plugins/com.st.stm32cube.ide.mcu.externaltools.gnu-tools-for-stm32.13.3.rel1.win32_1.0.0.202411081344/tools/bin/../lib/gcc/arm-none-eabi/13.3.1/thumb/v7e-m+fp/hard/crtbegin.o
 .text          0x080001d0       0xa0 C:/ST/STM32CubeIDE_1.19.0/STM32CubeIDE/plugins/com.st.stm32cube.ide.mcu.externaltools.gnu-tools-for-stm32.13.3.rel1.win32_1.0.0.202411081344/tools/bin/../lib/gcc/arm-none-eabi/13.3.1/../../../../arm-none-eabi/lib/thumb/v7e-m+fp/hard\libc_nano.a(libc_a-memchr.o)
                0x080001d0                memchr
 .text          0x08000270       0x10 C:/ST/STM32CubeIDE_1.19.0/STM32CubeIDE/plugins/com.st.stm32cube.ide.mcu.externaltools.gnu-tools-for-stm32.13.3.rel1.win32_1.0.0.202411081344/tools/bin/../lib/gcc/arm-none-eabi/13.3.1/../../../../arm-none-eabi/lib/thumb/v7e-m+fp/hard\libc_nano.a(libc_a-strlen.o)
                0x08000270                strlen
 .text          0x08000280      0x378 C:/ST/STM32CubeIDE_1.19.0/STM32CubeIDE/plugins/com.st.stm32cube.ide.mcu.externaltools.gnu-tools-for-stm32.13.3.rel1.win32_1.0.0.202411081344/tools/bin/../lib/gcc/arm-none-eabi/13.3.1/thumb/v7e-m+fp/hard\libgcc.a(_arm_addsubdf3.o)
                0x08000280                __aeabi_drsub
                0x08000288                __aeabi_dsub
                0x08000288                __subdf3
                0x0800028c                __aeabi_dadd
                0x0800028c                __adddf3
                0x08000504                __floatunsidf
                0x08000504                __aeabi_ui2d
                0x08000524                __floatsidf
                0x08000524                __aeabi_i2d
                0x08000548                __aeabi_f2d
                0x08000548                __extendsfdf2
                0x0800058c                __floatundidf
                0x0800058c                __aeabi_ul2d
                0x0800059c                __floatdidf
                0x0800059c                __aeabi_l2d
 .text          0x080005f8      0x424 C:/ST/STM32CubeIDE_1.19.0/STM32CubeIDE/plugins/com.st.stm32cube.ide.mcu.externaltools.gnu-tools-for-stm32.13.3.rel1.win32_1.0.0.202411081344/tools/bin/../lib/gcc/arm-none-eabi/13.3.1/thumb/v7e-m+fp/hard\libgcc.a(_arm_muldivdf3.o)
                0x080005f8                __aeabi_dmul
                0x080005f8                __muldf3
                0x0800084c                __divdf3
                0x0800084c                __aeabi_ddiv
 .text          0x08000a1c      0x110 C:/ST/STM32CubeIDE_1.19.0/STM32CubeIDE/plugins/com.st.stm32cube.ide.mcu.externaltools.gnu-tools-for-stm32.13.3.rel1.win32_1.0.0.202411081344/tools/bin/../lib/gcc/arm-none-eabi/13.3.1/thumb/v7e-m+fp/hard\libgcc.a(_arm_cmpdf2.o)
                0x08000a1c                __gtdf2
                0x08000a1c                __gedf2
                0x08000a24                __ltdf2
                0x08000a24                __ledf2
                0x08000a2c                __nedf2
                0x08000a2c                __eqdf2
                0x08000a2c                __cmpdf2
                0x08000aa8                __aeabi_cdrcmple
                0x08000ab8                __aeabi_cdcmpeq
                0x08000ab8                __aeabi_cdcmple
                0x08000ac8                __aeabi_dcmpeq
                0x08000adc                __aeabi_dcmplt
                0x08000af0                __aeabi_dcmple
                0x08000b04                __aeabi_dcmpge
                0x08000b18                __aeabi_dcmpgt
 .text          0x08000b2c       0x2c C:/ST/STM32CubeIDE_1.19.0/STM32CubeIDE/plugins/com.st.stm32cube.ide.mcu.externaltools.gnu-tools-for-stm32.13.3.rel1.win32_1.0.0.202411081344/tools/bin/../lib/gcc/arm-none-eabi/13.3.1/thumb/v7e-m+fp/hard\libgcc.a(_arm_unorddf2.o)
                0x08000b2c                __unorddf2
                0x08000b2c                __aeabi_dcmpun
 .text          0x08000b58       0x50 C:/ST/STM32CubeIDE_1.19.0/STM32CubeIDE/plugins/com.st.stm32cube.ide.mcu.externaltools.gnu-tools-for-stm32.13.3.rel1.win32_1.0.0.202411081344/tools/bin/../lib/gcc/arm-none-eabi/13.3.1/thumb/v7e-m+fp/hard\libgcc.a(_arm_fixdfsi.o)
                0x08000b58                __aeabi_d2iz
                0x08000b58                __fixdfsi
 .text          0x08000ba8       0xa0 C:/ST/STM32CubeIDE_1.19.0/STM32CubeIDE/plugins/com.st.stm32cube.ide.mcu.externaltools.gnu-tools-for-stm32.13.3.rel1.win32_1.0.0.202411081344/tools/bin/../lib/gcc/arm-none-eabi/13.3.1/thumb/v7e-m+fp/hard\libgcc.a(_arm_truncdfsf2.o)
                0x08000ba8                __truncdfsf2
                0x08000ba8                __aeabi_d2f
 .text          0x08000c48       0x30 C:/ST/STM32CubeIDE_1.19.0/STM32CubeIDE/plugins/com.st.stm32cube.ide.mcu.externaltools.gnu-tools-for-stm32.13.3.rel1.win32_1.0.0.202411081344/tools/bin/../lib/gcc/arm-none-eabi/13.3.1/thumb/v7e-m+fp/hard\libgcc.a(_aeabi_uldivmod.o)
                0x08000c48                __aeabi_uldivmod
 .text          0x08000c78      0x2f8 C:/ST/STM32CubeIDE_1.19.0/STM32CubeIDE/plugins/com.st.stm32cube.ide.mcu.externaltools.gnu-tools-for-stm32.13.3.rel1.win32_1.0.0.202411081344/tools/bin/../lib/gcc/arm-none-eabi/13.3.1/thumb/v7e-m+fp/hard\libgcc.a(_udivmoddi4.o)
                0x08000c78                __udivmoddi4
 .text          0x08000f70        0x4 C:/ST/STM32CubeIDE_1.19.0/STM32CubeIDE/plugins/com.st.stm32cube.ide.mcu.externaltools.gnu-tools-for-stm32.13.3.rel1.win32_1.0.0.202411081344/tools/bin/../lib/gcc/arm-none-eabi/13.3.1/thumb/v7e-m+fp/hard\libgcc.a(_dvmd_tls.o)
                0x08000f70                __aeabi_idiv0
                0x08000f70                __aeabi_ldiv0
 *(.text*)
 .text._ICM20948_SelectUserBank
                0x08000f74       0x58 ./Core/Src/ICM20948.o
                0x08000f74                _ICM20948_SelectUserBank
 .text._ICM20948_WriteByte
                0x08000fcc       0x5a ./Core/Src/ICM20948.o
                0x08000fcc                _ICM20948_WriteByte
 .text._ICM20948_BrustRead
                0x08001026       0x5a ./Core/Src/ICM20948.o
                0x08001026                _ICM20948_BrustRead
 .text._AK09916_WriteByte
                0x08001080       0x3c ./Core/Src/ICM20948.o
                0x08001080                _AK09916_WriteByte
 .text._AK09916_ReadByte
                0x080010bc       0x3a ./Core/Src/ICM20948.o
                0x080010bc                _AK09916_ReadByte
 .text._AK09916_BrustRead
                0x080010f6       0x3e ./Core/Src/ICM20948.o
                0x080010f6                _AK09916_BrustRead
 .text.ICM20948_init
                0x08001134      0x106 ./Core/Src/ICM20948.o
                0x08001134                ICM20948_init
 *fill*         0x0800123a        0x6 
 .text.ICM20948_readGyroscope_Z
                0x08001240      0x100 ./Core/Src/ICM20948.o
                0x08001240                ICM20948_readGyroscope_Z
 .text.ICM20948_readAccelerometer_all
                0x08001340      0x1bc ./Core/Src/ICM20948.o
                0x08001340                ICM20948_readAccelerometer_all
 *fill*         0x080014fc        0x4 
 .text.ICM20948_readMagnetometer_XY
                0x08001500       0xa0 ./Core/Src/ICM20948.o
                0x08001500                ICM20948_readMagnetometer_XY
 .text.angle_init
                0x080015a0       0x1a ./Core/Src/angle.o
                0x080015a0                angle_init
 *fill*         0x080015ba        0x2 
 .text.angle_reset
                0x080015bc       0x28 ./Core/Src/angle.o
                0x080015bc                angle_reset
 .text.get_new_cmd
                0x080015e4       0x4e ./Core/Src/commands.o
 .text.commands_ack
                0x08001632       0x58 ./Core/Src/commands.o
 *fill*         0x0800168a        0x2 
 .text.commands_process
                0x0800168c      0x270 ./Core/Src/commands.o
                0x0800168c                commands_process
 .text.commands_pop
                0x080018fc       0x30 ./Core/Src/commands.o
                0x080018fc                commands_pop
 .text.commands_peek
                0x0800192c       0x18 ./Core/Src/commands.o
                0x0800192c                commands_peek
 .text.commands_peek_next_drive
                0x08001944       0x34 ./Core/Src/commands.o
                0x08001944                commands_peek_next_drive
 .text.commands_end
                0x08001978       0x34 ./Core/Src/commands.o
                0x08001978                commands_end
 .text.commands_type_match
                0x080019ac       0x5c ./Core/Src/commands.o
                0x080019ac                commands_type_match
 .text.abs_float
                0x08001a08       0x34 ./Core/Src/convert.o
                0x08001a08                abs_float
 .text.min_float
                0x08001a3c       0x38 ./Core/Src/convert.o
                0x08001a3c                min_float
 .text.min_uint8
                0x08001a74       0x28 ./Core/Src/convert.o
                0x08001a74                min_uint8
 .text.lcm_uint8
                0x08001a9c       0x64 ./Core/Src/convert.o
                0x08001a9c                lcm_uint8
 .text.parse_uint16_t_until
                0x08001b00       0x7c ./Core/Src/convert.o
                0x08001b00                parse_uint16_t_until
 *fill*         0x08001b7c        0x4 
 .text.parse_float_until
                0x08001b80      0x124 ./Core/Src/convert.o
                0x08001b80                parse_float_until
 *fill*         0x08001ca4        0x4 
 .text.get_L    0x08001ca8       0x9c ./Core/Src/convert.o
 *fill*         0x08001d44        0x4 
 .text.get_turning_r_back_cm
                0x08001d48       0x8c ./Core/Src/convert.o
                0x08001d48                get_turning_r_back_cm
 .text.get_turning_r_robot_cm
                0x08001dd4       0x90 ./Core/Src/convert.o
                0x08001dd4                get_turning_r_robot_cm
 *fill*         0x08001e64        0x4 
 .text.get_w_ms
                0x08001e68       0x5c ./Core/Src/convert.o
                0x08001e68                get_w_ms
 *fill*         0x08001ec4        0x4 
 .text.get_distance_cm
                0x08001ec8       0x70 ./Core/Src/convert.o
                0x08001ec8                get_distance_cm
 .text.get_arc_length
                0x08001f38       0x74 ./Core/Src/convert.o
                0x08001f38                get_arc_length
 .text.delay_us_init
                0x08001fac       0x24 ./Core/Src/delay_us.o
                0x08001fac                delay_us_init
 .text.delay_us_wait
                0x08001fd0       0x38 ./Core/Src/delay_us.o
                0x08001fd0                delay_us_wait
 .text.dist_init
                0x08002008       0x14 ./Core/Src/dist.o
                0x08002008                dist_init
 .text.dist_reset
                0x0800201c       0x4c ./Core/Src/dist.o
                0x0800201c                dist_reset
 .text.update_state
                0x08002068       0xa4 ./Core/Src/dist.o
 .text.dist_get_cm
                0x0800210c       0x54 ./Core/Src/dist.o
                0x0800210c                dist_get_cm
 .text.kalman_init
                0x08002160       0x32 ./Core/Src/kalman.o
                0x08002160                kalman_init
 .text.kalman_update
                0x08002192       0x5e ./Core/Src/kalman.o
                0x08002192                kalman_update
 .text.magcal_preload
                0x080021f0       0x50 ./Core/Src/mag_cal.o
 .text.magcal_init
                0x08002240       0x2c ./Core/Src/mag_cal.o
                0x08002240                magcal_init
 .text.magcal_adjust
                0x0800226c       0x9c ./Core/Src/mag_cal.o
                0x0800226c                magcal_adjust
 .text.serial_inc_ring
                0x08002308       0x3c ./Core/Src/main.o
 .text.HAL_UART_RxCpltCallback
                0x08002344       0x80 ./Core/Src/main.o
                0x08002344                HAL_UART_RxCpltCallback
 .text.HAL_TIM_PeriodElapsedCallback
                0x080023c4       0x38 ./Core/Src/main.o
                0x080023c4                HAL_TIM_PeriodElapsedCallback
 .text.HAL_TIM_IC_CaptureCallback
                0x080023fc      0x104 ./Core/Src/main.o
                0x080023fc                HAL_TIM_IC_CaptureCallback
 .text.encoders_zero
                0x08002500       0x28 ./Core/Src/main.o
                0x08002500                encoders_zero
 .text.odom_reset_all
                0x08002528       0x7c ./Core/Src/main.o
                0x08002528                odom_reset_all
 .text.TIM6_Set1MHz
                0x080025a4       0xb0 ./Core/Src/main.o
                0x080025a4                TIM6_Set1MHz
 *fill*         0x08002654        0x4 
 .text.main     0x08002658      0xd68 ./Core/Src/main.o
                0x08002658                main
 .text.SystemClock_Config
                0x080033c0       0xbc ./Core/Src/main.o
                0x080033c0                SystemClock_Config
 .text.MX_ADC1_Init
                0x0800347c       0xa4 ./Core/Src/main.o
 .text.MX_ADC2_Init
                0x08003520       0xa4 ./Core/Src/main.o
 .text.MX_I2C2_Init
                0x080035c4       0x5c ./Core/Src/main.o
 .text.MX_TIM1_Init
                0x08003620       0xa0 ./Core/Src/main.o
 .text.MX_TIM2_Init
                0x080036c0       0xa8 ./Core/Src/main.o
 .text.MX_TIM3_Init
                0x08003768       0xa8 ./Core/Src/main.o
 .text.MX_TIM6_Init
                0x08003810       0x6c ./Core/Src/main.o
 .text.MX_TIM7_Init
                0x0800387c       0x6c ./Core/Src/main.o
 .text.MX_TIM9_Init
                0x080038e8       0xdc ./Core/Src/main.o
 .text.MX_TIM10_Init
                0x080039c4       0x9c ./Core/Src/main.o
 .text.MX_TIM11_Init
                0x08003a60       0x9c ./Core/Src/main.o
 .text.MX_TIM12_Init
                0x08003afc       0xc4 ./Core/Src/main.o
 .text.MX_USART3_UART_Init
                0x08003bc0       0x54 ./Core/Src/main.o
 .text.MX_GPIO_Init
                0x08003c14      0x180 ./Core/Src/main.o
 .text.Error_Handler
                0x08003d94        0xc ./Core/Src/main.o
                0x08003d94                Error_Handler
 .text.dbg_printf
                0x08003da0       0x4c ./Core/Src/motor.o
 .text.arr9     0x08003dec       0x18 ./Core/Src/motor.o
 .text.arr10    0x08003e04       0x18 ./Core/Src/motor.o
 .text.arr11    0x08003e1c       0x18 ./Core/Src/motor.o
 .text.clamp_to_arr
                0x08003e34       0x28 ./Core/Src/motor.o
 .text.use_single_encoder
                0x08003e5c       0x20 ./Core/Src/motor.o
 .text.note_right_activity
                0x08003e7c       0x34 ./Core/Src/motor.o
 .text.right_is_dead
                0x08003eb0       0x24 ./Core/Src/motor.o
 .text.motorA_apply
                0x08003ed4       0xa4 ./Core/Src/motor.o
 .text.motorB_apply
                0x08003f78       0x90 ./Core/Src/motor.o
 .text.setDriveDir
                0x08004008       0x98 ./Core/Src/motor.o
                0x08004008                setDriveDir
 .text.motor_init
                0x080040a0      0x198 ./Core/Src/motor.o
                0x080040a0                motor_init
 .text.brakeMotors
                0x08004238       0x9c ./Core/Src/motor.o
                0x08004238                brakeMotors
 .text.getCount
                0x080042d4       0x1c ./Core/Src/motor.o
 .text.motor_getDist
                0x080042f0       0xf4 ./Core/Src/motor.o
                0x080042f0                motor_getDist
 .text.getSpeedPwm
                0x080043e4       0x3e ./Core/Src/motor.o
 *fill*         0x08004422        0x2 
 .text.setPwmLR
                0x08004424       0xec ./Core/Src/motor.o
 .text.motor_pwmCorrection
                0x08004510      0x43c ./Core/Src/motor.o
                0x08004510                motor_pwmCorrection
 .text.motor_setDrive
                0x0800494c      0x108 ./Core/Src/motor.o
                0x0800494c                motor_setDrive
 .text.clamp_s16
                0x08004a54       0x40 ./Core/Src/motor.o
                0x08004a54                clamp_s16
 .text.apply_deadzone
                0x08004a94       0x3a ./Core/Src/motor.o
                0x08004a94                apply_deadzone
 *fill*         0x08004ace        0x2 
 .text.coastMotors
                0x08004ad0       0x3c ./Core/Src/motor.o
 .text.pid_reset
                0x08004b0c       0x2c ./Core/Src/pid.o
                0x08004b0c                pid_reset
 .text.pid_init
                0x08004b38       0x50 ./Core/Src/pid.o
                0x08004b38                pid_init
 .text.pid_adjust
                0x08004b88      0x108 ./Core/Src/pid.o
                0x08004b88                pid_adjust
 .text.lpf      0x08004c90       0x44 ./Core/Src/sensors.o
 *fill*         0x08004cd4        0x4 
 .text.read_mag_angle
                0x08004cd8      0x110 ./Core/Src/sensors.o
 .text.sensors_init
                0x08004de8       0x94 ./Core/Src/sensors.o
                0x08004de8                sensors_init
 .text.sensors_us_trig
                0x08004e7c       0x3c ./Core/Src/sensors.o
                0x08004e7c                sensors_us_trig
 .text.sensors_read_usDist
                0x08004eb8       0x78 ./Core/Src/sensors.o
                0x08004eb8                sensors_read_usDist
 .text.irValueToDist
                0x08004f30       0xcc ./Core/Src/sensors.o
 .text.sensors_read_irDist
                0x08004ffc      0x128 ./Core/Src/sensors.o
                0x08004ffc                sensors_read_irDist
 .text.sensors_read_gyroZ
                0x08005124       0x48 ./Core/Src/sensors.o
                0x08005124                sensors_read_gyroZ
 .text.sensors_read_accel
                0x0800516c       0x78 ./Core/Src/sensors.o
                0x0800516c                sensors_read_accel
 .text.sensors_set_bias
                0x080051e4      0x13c ./Core/Src/sensors.o
                0x080051e4                sensors_set_bias
 .text.servo_init
                0x08005320       0x24 ./Core/Src/servo.o
                0x08005320                servo_init
 .text.servo_setVal
                0x08005344       0x24 ./Core/Src/servo.o
                0x08005344                servo_setVal
 .text.servo_setAngle
                0x08005368      0x1a0 ./Core/Src/servo.o
                0x08005368                servo_setAngle
 .text.HAL_MspInit
                0x08005508       0x50 ./Core/Src/stm32f4xx_hal_msp.o
                0x08005508                HAL_MspInit
 .text.HAL_ADC_MspInit
                0x08005558      0x108 ./Core/Src/stm32f4xx_hal_msp.o
                0x08005558                HAL_ADC_MspInit
 .text.HAL_I2C_MspInit
                0x08005660       0x90 ./Core/Src/stm32f4xx_hal_msp.o
                0x08005660                HAL_I2C_MspInit
 .text.HAL_TIM_Base_MspInit
                0x080056f0      0x1a8 ./Core/Src/stm32f4xx_hal_msp.o
                0x080056f0                HAL_TIM_Base_MspInit
 .text.HAL_TIM_Encoder_MspInit
                0x08005898      0x134 ./Core/Src/stm32f4xx_hal_msp.o
                0x08005898                HAL_TIM_Encoder_MspInit
 .text.HAL_TIM_MspPostInit
                0x080059cc      0x160 ./Core/Src/stm32f4xx_hal_msp.o
                0x080059cc                HAL_TIM_MspPostInit
 .text.HAL_UART_MspInit
                0x08005b2c       0xa0 ./Core/Src/stm32f4xx_hal_msp.o
                0x08005b2c                HAL_UART_MspInit
 .text.NMI_Handler
                0x08005bcc        0x8 ./Core/Src/stm32f4xx_it.o
                0x08005bcc                NMI_Handler
 .text.HardFault_Handler
                0x08005bd4        0x8 ./Core/Src/stm32f4xx_it.o
                0x08005bd4                HardFault_Handler
 .text.MemManage_Handler
                0x08005bdc        0x8 ./Core/Src/stm32f4xx_it.o
                0x08005bdc                MemManage_Handler
 .text.BusFault_Handler
                0x08005be4        0x8 ./Core/Src/stm32f4xx_it.o
                0x08005be4                BusFault_Handler
 .text.UsageFault_Handler
                0x08005bec        0x8 ./Core/Src/stm32f4xx_it.o
                0x08005bec                UsageFault_Handler
 .text.SVC_Handler
                0x08005bf4        0xe ./Core/Src/stm32f4xx_it.o
                0x08005bf4                SVC_Handler
 .text.DebugMon_Handler
                0x08005c02        0xe ./Core/Src/stm32f4xx_it.o
                0x08005c02                DebugMon_Handler
 .text.PendSV_Handler
                0x08005c10        0xe ./Core/Src/stm32f4xx_it.o
                0x08005c10                PendSV_Handler
 .text.SysTick_Handler
                0x08005c1e        0xc ./Core/Src/stm32f4xx_it.o
                0x08005c1e                SysTick_Handler
 *fill*         0x08005c2a        0x2 
 .text.ADC_IRQHandler
                0x08005c2c       0x1c ./Core/Src/stm32f4xx_it.o
                0x08005c2c                ADC_IRQHandler
 .text.USART3_IRQHandler
                0x08005c48       0x14 ./Core/Src/stm32f4xx_it.o
                0x08005c48                USART3_IRQHandler
 .text.EXTI15_10_IRQHandler
                0x08005c5c       0x10 ./Core/Src/stm32f4xx_it.o
                0x08005c5c                EXTI15_10_IRQHandler
 .text.TIM7_IRQHandler
                0x08005c6c       0x14 ./Core/Src/stm32f4xx_it.o
                0x08005c6c                TIM7_IRQHandler
 .text._getpid  0x08005c80       0x10 ./Core/Src/syscalls.o
                0x08005c80                _getpid
 .text._kill    0x08005c90       0x20 ./Core/Src/syscalls.o
                0x08005c90                _kill
 .text._exit    0x08005cb0       0x16 ./Core/Src/syscalls.o
                0x08005cb0                _exit
 .text._read    0x08005cc6       0x3a ./Core/Src/syscalls.o
                0x08005cc6                _read
 .text._write   0x08005d00       0x38 ./Core/Src/syscalls.o
                0x08005d00                _write
 .text._close   0x08005d38       0x18 ./Core/Src/syscalls.o
                0x08005d38                _close
 .text._fstat   0x08005d50       0x20 ./Core/Src/syscalls.o
                0x08005d50                _fstat
 .text._isatty  0x08005d70       0x16 ./Core/Src/syscalls.o
                0x08005d70                _isatty
 .text._lseek   0x08005d86       0x1a ./Core/Src/syscalls.o
                0x08005d86                _lseek
 .text._sbrk    0x08005da0       0x6c ./Core/Src/sysmem.o
                0x08005da0                _sbrk
 .text.SystemInit
                0x08005e0c       0x24 ./Core/Src/system_stm32f4xx.o
                0x08005e0c                SystemInit
 .text.us_pulse_capture_init
                0x08005e30       0x14 ./Core/Src/tim6_pulse_capt.o
                0x08005e30                us_pulse_capture_init
 .text.HAL_GPIO_EXTI_Callback
                0x08005e44      0x130 ./Core/Src/tim6_pulse_capt.o
                0x08005e44                HAL_GPIO_EXTI_Callback
 .text.us_timer_cnt
                0x08005f74       0x1c ./Core/Src/tim6_pulse_capt.o
 .text.us_arm_for_trig
                0x08005f90       0x2c ./Core/Src/tim6_pulse_capt.o
                0x08005f90                us_arm_for_trig
 .text.user_is_pressed
                0x08005fbc       0x20 ./Core/Src/user_input.o
                0x08005fbc                user_is_pressed
 .text.Reset_Handler
                0x08005fdc       0x50 ./Core/Startup/startup_stm32f407vetx.o
                0x08005fdc                Reset_Handler
 .text.Default_Handler
                0x0800602c        0x2 ./Core/Startup/startup_stm32f407vetx.o
                0x0800602c                RTC_Alarm_IRQHandler
                0x0800602c                HASH_RNG_IRQHandler
                0x0800602c                EXTI2_IRQHandler
                0x0800602c                TIM8_CC_IRQHandler
                0x0800602c                TIM1_CC_IRQHandler
                0x0800602c                DMA2_Stream5_IRQHandler
                0x0800602c                DMA1_Stream5_IRQHandler
                0x0800602c                PVD_IRQHandler
                0x0800602c                SDIO_IRQHandler
                0x0800602c                TAMP_STAMP_IRQHandler
                0x0800602c                CAN2_RX1_IRQHandler
                0x0800602c                EXTI3_IRQHandler
                0x0800602c                TIM8_TRG_COM_TIM14_IRQHandler
                0x0800602c                TIM1_UP_TIM10_IRQHandler
                0x0800602c                TIM8_UP_TIM13_IRQHandler
                0x0800602c                I2C3_ER_IRQHandler
                0x0800602c                EXTI0_IRQHandler
                0x0800602c                I2C2_EV_IRQHandler
                0x0800602c                DMA1_Stream2_IRQHandler
                0x0800602c                CAN1_RX0_IRQHandler
                0x0800602c                FPU_IRQHandler
                0x0800602c                OTG_HS_WKUP_IRQHandler
                0x0800602c                CAN2_SCE_IRQHandler
                0x0800602c                DMA2_Stream2_IRQHandler
                0x0800602c                SPI1_IRQHandler
                0x0800602c                TIM6_DAC_IRQHandler
                0x0800602c                TIM1_BRK_TIM9_IRQHandler
                0x0800602c                DCMI_IRQHandler
                0x0800602c                CAN2_RX0_IRQHandler
                0x0800602c                DMA2_Stream3_IRQHandler
                0x0800602c                USART6_IRQHandler
                0x0800602c                CAN1_RX1_IRQHandler
                0x0800602c                UART5_IRQHandler
                0x0800602c                DMA2_Stream0_IRQHandler
                0x0800602c                TIM4_IRQHandler
                0x0800602c                I2C1_EV_IRQHandler
                0x0800602c                DMA1_Stream6_IRQHandler
                0x0800602c                DMA1_Stream1_IRQHandler
                0x0800602c                UART4_IRQHandler
                0x0800602c                TIM3_IRQHandler
                0x0800602c                RCC_IRQHandler
                0x0800602c                TIM8_BRK_TIM12_IRQHandler
                0x0800602c                Default_Handler
                0x0800602c                DMA1_Stream7_IRQHandler
                0x0800602c                CAN2_TX_IRQHandler
                0x0800602c                TIM5_IRQHandler
                0x0800602c                DMA2_Stream7_IRQHandler
                0x0800602c                I2C3_EV_IRQHandler
                0x0800602c                EXTI9_5_IRQHandler
                0x0800602c                RTC_WKUP_IRQHandler
                0x0800602c                ETH_WKUP_IRQHandler
                0x0800602c                SPI2_IRQHandler
                0x0800602c                OTG_HS_EP1_IN_IRQHandler
                0x0800602c                DMA1_Stream0_IRQHandler
                0x0800602c                CAN1_TX_IRQHandler
                0x0800602c                EXTI4_IRQHandler
                0x0800602c                FSMC_IRQHandler
                0x0800602c                ETH_IRQHandler
                0x0800602c                OTG_HS_EP1_OUT_IRQHandler
                0x0800602c                WWDG_IRQHandler
                0x0800602c                TIM2_IRQHandler
                0x0800602c                OTG_FS_WKUP_IRQHandler
                0x0800602c                TIM1_TRG_COM_TIM11_IRQHandler
                0x0800602c                OTG_HS_IRQHandler
                0x0800602c                EXTI1_IRQHandler
                0x0800602c                USART2_IRQHandler
                0x0800602c                I2C2_ER_IRQHandler
                0x0800602c                DMA2_Stream1_IRQHandler
                0x0800602c                CAN1_SCE_IRQHandler
                0x0800602c                FLASH_IRQHandler
                0x0800602c                DMA2_Stream4_IRQHandler
                0x0800602c                USART1_IRQHandler
                0x0800602c                OTG_FS_IRQHandler
                0x0800602c                SPI3_IRQHandler
                0x0800602c                DMA1_Stream4_IRQHandler
                0x0800602c                I2C1_ER_IRQHandler
                0x0800602c                DMA2_Stream6_IRQHandler
                0x0800602c                DMA1_Stream3_IRQHandler
 *fill*         0x0800602e        0x2 
 .text.HAL_Init
                0x08006030       0x44 ./Drivers/STM32F4xx_HAL_Driver/Src/stm32f4xx_hal.o
                0x08006030                HAL_Init
 .text.HAL_InitTick
                0x08006074       0x60 ./Drivers/STM32F4xx_HAL_Driver/Src/stm32f4xx_hal.o
                0x08006074                HAL_InitTick
 .text.HAL_IncTick
                0x080060d4       0x28 ./Drivers/STM32F4xx_HAL_Driver/Src/stm32f4xx_hal.o
                0x080060d4                HAL_IncTick
 .text.HAL_GetTick
                0x080060fc       0x18 ./Drivers/STM32F4xx_HAL_Driver/Src/stm32f4xx_hal.o
                0x080060fc                HAL_GetTick
 .text.HAL_Delay
                0x08006114       0x48 ./Drivers/STM32F4xx_HAL_Driver/Src/stm32f4xx_hal.o
                0x08006114                HAL_Delay
 .text.HAL_ADC_Init
                0x0800615c       0x86 ./Drivers/STM32F4xx_HAL_Driver/Src/stm32f4xx_hal_adc.o
                0x0800615c                HAL_ADC_Init
 *fill*         0x080061e2        0x2 
 .text.HAL_ADC_Start
                0x080061e4      0x1a4 ./Drivers/STM32F4xx_HAL_Driver/Src/stm32f4xx_hal_adc.o
                0x080061e4                HAL_ADC_Start
 .text.HAL_ADC_Stop
                0x08006388       0x66 ./Drivers/STM32F4xx_HAL_Driver/Src/stm32f4xx_hal_adc.o
                0x08006388                HAL_ADC_Stop
 .text.HAL_ADC_PollForConversion
                0x080063ee      0x116 ./Drivers/STM32F4xx_HAL_Driver/Src/stm32f4xx_hal_adc.o
                0x080063ee                HAL_ADC_PollForConversion
 .text.HAL_ADC_IRQHandler
                0x08006504      0x220 ./Drivers/STM32F4xx_HAL_Driver/Src/stm32f4xx_hal_adc.o
                0x08006504                HAL_ADC_IRQHandler
 .text.HAL_ADC_GetValue
                0x08006724       0x1a ./Drivers/STM32F4xx_HAL_Driver/Src/stm32f4xx_hal_adc.o
                0x08006724                HAL_ADC_GetValue
 .text.HAL_ADC_ConvCpltCallback
                0x0800673e       0x14 ./Drivers/STM32F4xx_HAL_Driver/Src/stm32f4xx_hal_adc.o
                0x0800673e                HAL_ADC_ConvCpltCallback
 .text.HAL_ADC_LevelOutOfWindowCallback
                0x08006752       0x14 ./Drivers/STM32F4xx_HAL_Driver/Src/stm32f4xx_hal_adc.o
                0x08006752                HAL_ADC_LevelOutOfWindowCallback
 .text.HAL_ADC_ErrorCallback
                0x08006766       0x14 ./Drivers/STM32F4xx_HAL_Driver/Src/stm32f4xx_hal_adc.o
                0x08006766                HAL_ADC_ErrorCallback
 *fill*         0x0800677a        0x2 
 .text.HAL_ADC_ConfigChannel
                0x0800677c      0x244 ./Drivers/STM32F4xx_HAL_Driver/Src/stm32f4xx_hal_adc.o
                0x0800677c                HAL_ADC_ConfigChannel
 .text.ADC_Init
                0x080069c0      0x1f8 ./Drivers/STM32F4xx_HAL_Driver/Src/stm32f4xx_hal_adc.o
 .text.HAL_ADCEx_InjectedConvCpltCallback
                0x08006bb8       0x14 ./Drivers/STM32F4xx_HAL_Driver/Src/stm32f4xx_hal_adc_ex.o
                0x08006bb8                HAL_ADCEx_InjectedConvCpltCallback
 .text.__NVIC_SetPriorityGrouping
                0x08006bcc       0x48 ./Drivers/STM32F4xx_HAL_Driver/Src/stm32f4xx_hal_cortex.o
 .text.__NVIC_GetPriorityGrouping
                0x08006c14       0x1c ./Drivers/STM32F4xx_HAL_Driver/Src/stm32f4xx_hal_cortex.o
 .text.__NVIC_EnableIRQ
                0x08006c30       0x3c ./Drivers/STM32F4xx_HAL_Driver/Src/stm32f4xx_hal_cortex.o
 .text.__NVIC_SetPriority
                0x08006c6c       0x54 ./Drivers/STM32F4xx_HAL_Driver/Src/stm32f4xx_hal_cortex.o
 .text.NVIC_EncodePriority
                0x08006cc0       0x66 ./Drivers/STM32F4xx_HAL_Driver/Src/stm32f4xx_hal_cortex.o
 *fill*         0x08006d26        0x2 
 .text.SysTick_Config
                0x08006d28       0x44 ./Drivers/STM32F4xx_HAL_Driver/Src/stm32f4xx_hal_cortex.o
 .text.HAL_NVIC_SetPriorityGrouping
                0x08006d6c       0x16 ./Drivers/STM32F4xx_HAL_Driver/Src/stm32f4xx_hal_cortex.o
                0x08006d6c                HAL_NVIC_SetPriorityGrouping
 .text.HAL_NVIC_SetPriority
                0x08006d82       0x38 ./Drivers/STM32F4xx_HAL_Driver/Src/stm32f4xx_hal_cortex.o
                0x08006d82                HAL_NVIC_SetPriority
 .text.HAL_NVIC_EnableIRQ
                0x08006dba       0x1c ./Drivers/STM32F4xx_HAL_Driver/Src/stm32f4xx_hal_cortex.o
                0x08006dba                HAL_NVIC_EnableIRQ
 .text.HAL_SYSTICK_Config
                0x08006dd6       0x18 ./Drivers/STM32F4xx_HAL_Driver/Src/stm32f4xx_hal_cortex.o
                0x08006dd6                HAL_SYSTICK_Config
 .text.HAL_DMA_Abort
                0x08006dee       0xe0 ./Drivers/STM32F4xx_HAL_Driver/Src/stm32f4xx_hal_dma.o
                0x08006dee                HAL_DMA_Abort
 .text.HAL_DMA_Abort_IT
                0x08006ece       0x44 ./Drivers/STM32F4xx_HAL_Driver/Src/stm32f4xx_hal_dma.o
                0x08006ece                HAL_DMA_Abort_IT
 *fill*         0x08006f12        0x2 
 .text.HAL_GPIO_Init
                0x08006f14      0x338 ./Drivers/STM32F4xx_HAL_Driver/Src/stm32f4xx_hal_gpio.o
                0x08006f14                HAL_GPIO_Init
 .text.HAL_GPIO_ReadPin
                0x0800724c       0x30 ./Drivers/STM32F4xx_HAL_Driver/Src/stm32f4xx_hal_gpio.o
                0x0800724c                HAL_GPIO_ReadPin
 .text.HAL_GPIO_WritePin
                0x0800727c       0x32 ./Drivers/STM32F4xx_HAL_Driver/Src/stm32f4xx_hal_gpio.o
                0x0800727c                HAL_GPIO_WritePin
 *fill*         0x080072ae        0x2 
 .text.HAL_GPIO_EXTI_IRQHandler
                0x080072b0       0x30 ./Drivers/STM32F4xx_HAL_Driver/Src/stm32f4xx_hal_gpio.o
                0x080072b0                HAL_GPIO_EXTI_IRQHandler
 .text.HAL_I2C_Init
                0x080072e0      0x288 ./Drivers/STM32F4xx_HAL_Driver/Src/stm32f4xx_hal_i2c.o
                0x080072e0                HAL_I2C_Init
 .text.HAL_I2C_Mem_Write
                0x08007568      0x1f4 ./Drivers/STM32F4xx_HAL_Driver/Src/stm32f4xx_hal_i2c.o
                0x08007568                HAL_I2C_Mem_Write
 .text.HAL_I2C_Mem_Read
                0x0800775c      0x44c ./Drivers/STM32F4xx_HAL_Driver/Src/stm32f4xx_hal_i2c.o
                0x0800775c                HAL_I2C_Mem_Read
 .text.I2C_RequestMemoryWrite
                0x08007ba8      0x12c ./Drivers/STM32F4xx_HAL_Driver/Src/stm32f4xx_hal_i2c.o
 .text.I2C_RequestMemoryRead
                0x08007cd4      0x1d0 ./Drivers/STM32F4xx_HAL_Driver/Src/stm32f4xx_hal_i2c.o
 .text.I2C_WaitOnFlagUntilTimeout
                0x08007ea4       0xae ./Drivers/STM32F4xx_HAL_Driver/Src/stm32f4xx_hal_i2c.o
 .text.I2C_WaitOnMasterAddressFlagUntilTimeout
                0x08007f52       0xfe ./Drivers/STM32F4xx_HAL_Driver/Src/stm32f4xx_hal_i2c.o
 .text.I2C_WaitOnTXEFlagUntilTimeout
                0x08008050       0x82 ./Drivers/STM32F4xx_HAL_Driver/Src/stm32f4xx_hal_i2c.o
 .text.I2C_WaitOnBTFFlagUntilTimeout
                0x080080d2       0x82 ./Drivers/STM32F4xx_HAL_Driver/Src/stm32f4xx_hal_i2c.o
 .text.I2C_WaitOnRXNEFlagUntilTimeout
                0x08008154       0xac ./Drivers/STM32F4xx_HAL_Driver/Src/stm32f4xx_hal_i2c.o
 .text.I2C_IsAcknowledgeFailed
                0x08008200       0x5e ./Drivers/STM32F4xx_HAL_Driver/Src/stm32f4xx_hal_i2c.o
 *fill*         0x0800825e        0x2 
 .text.HAL_PWR_EnableBkUpAccess
                0x08008260       0x28 ./Drivers/STM32F4xx_HAL_Driver/Src/stm32f4xx_hal_pwr.o
                0x08008260                HAL_PWR_EnableBkUpAccess
 .text.HAL_PWR_DisableBkUpAccess
                0x08008288       0x28 ./Drivers/STM32F4xx_HAL_Driver/Src/stm32f4xx_hal_pwr.o
                0x08008288                HAL_PWR_DisableBkUpAccess
 .text.HAL_RCC_OscConfig
                0x080082b0      0x4f0 ./Drivers/STM32F4xx_HAL_Driver/Src/stm32f4xx_hal_rcc.o
                0x080082b0                HAL_RCC_OscConfig
 .text.HAL_RCC_ClockConfig
                0x080087a0      0x1cc ./Drivers/STM32F4xx_HAL_Driver/Src/stm32f4xx_hal_rcc.o
                0x080087a0                HAL_RCC_ClockConfig
 .text.HAL_RCC_GetSysClockFreq
                0x0800896c      0x18c ./Drivers/STM32F4xx_HAL_Driver/Src/stm32f4xx_hal_rcc.o
                0x0800896c                HAL_RCC_GetSysClockFreq
 .text.HAL_RCC_GetHCLKFreq
                0x08008af8       0x18 ./Drivers/STM32F4xx_HAL_Driver/Src/stm32f4xx_hal_rcc.o
                0x08008af8                HAL_RCC_GetHCLKFreq
 .text.HAL_RCC_GetPCLK1Freq
                0x08008b10       0x28 ./Drivers/STM32F4xx_HAL_Driver/Src/stm32f4xx_hal_rcc.o
                0x08008b10                HAL_RCC_GetPCLK1Freq
 .text.HAL_RCC_GetPCLK2Freq
                0x08008b38       0x28 ./Drivers/STM32F4xx_HAL_Driver/Src/stm32f4xx_hal_rcc.o
                0x08008b38                HAL_RCC_GetPCLK2Freq
 .text.HAL_TIM_Base_Init
                0x08008b60       0x9e ./Drivers/STM32F4xx_HAL_Driver/Src/stm32f4xx_hal_tim.o
                0x08008b60                HAL_TIM_Base_Init
 *fill*         0x08008bfe        0x2 
 .text.HAL_TIM_Base_Start
                0x08008c00       0xd0 ./Drivers/STM32F4xx_HAL_Driver/Src/stm32f4xx_hal_tim.o
                0x08008c00                HAL_TIM_Base_Start
 .text.HAL_TIM_Base_Start_IT
                0x08008cd0       0xe0 ./Drivers/STM32F4xx_HAL_Driver/Src/stm32f4xx_hal_tim.o
                0x08008cd0                HAL_TIM_Base_Start_IT
 .text.HAL_TIM_PWM_Init
                0x08008db0       0x9e ./Drivers/STM32F4xx_HAL_Driver/Src/stm32f4xx_hal_tim.o
                0x08008db0                HAL_TIM_PWM_Init
 .text.HAL_TIM_PWM_MspInit
                0x08008e4e       0x14 ./Drivers/STM32F4xx_HAL_Driver/Src/stm32f4xx_hal_tim.o
                0x08008e4e                HAL_TIM_PWM_MspInit
 *fill*         0x08008e62        0x2 
 .text.HAL_TIM_PWM_Start
                0x08008e64      0x190 ./Drivers/STM32F4xx_HAL_Driver/Src/stm32f4xx_hal_tim.o
                0x08008e64                HAL_TIM_PWM_Start
 .text.HAL_TIM_Encoder_Init
                0x08008ff4      0x14c ./Drivers/STM32F4xx_HAL_Driver/Src/stm32f4xx_hal_tim.o
                0x08008ff4                HAL_TIM_Encoder_Init
 .text.HAL_TIM_Encoder_Start
                0x08009140      0x11c ./Drivers/STM32F4xx_HAL_Driver/Src/stm32f4xx_hal_tim.o
                0x08009140                HAL_TIM_Encoder_Start
 .text.HAL_TIM_Encoder_Start_IT
                0x0800925c      0x15c ./Drivers/STM32F4xx_HAL_Driver/Src/stm32f4xx_hal_tim.o
                0x0800925c                HAL_TIM_Encoder_Start_IT
 .text.HAL_TIM_IRQHandler
                0x080093b8      0x210 ./Drivers/STM32F4xx_HAL_Driver/Src/stm32f4xx_hal_tim.o
                0x080093b8                HAL_TIM_IRQHandler
 .text.HAL_TIM_PWM_ConfigChannel
                0x080095c8      0x184 ./Drivers/STM32F4xx_HAL_Driver/Src/stm32f4xx_hal_tim.o
                0x080095c8                HAL_TIM_PWM_ConfigChannel
 .text.HAL_TIM_ConfigClockSource
                0x0800974c      0x18e ./Drivers/STM32F4xx_HAL_Driver/Src/stm32f4xx_hal_tim.o
                0x0800974c                HAL_TIM_ConfigClockSource
 *fill*         0x080098da        0x2 
 .text.HAL_TIM_ReadCapturedValue
                0x080098dc       0x88 ./Drivers/STM32F4xx_HAL_Driver/Src/stm32f4xx_hal_tim.o
                0x080098dc                HAL_TIM_ReadCapturedValue
 .text.HAL_TIM_OC_DelayElapsedCallback
                0x08009964       0x14 ./Drivers/STM32F4xx_HAL_Driver/Src/stm32f4xx_hal_tim.o
                0x08009964                HAL_TIM_OC_DelayElapsedCallback
 .text.HAL_TIM_PWM_PulseFinishedCallback
                0x08009978       0x14 ./Drivers/STM32F4xx_HAL_Driver/Src/stm32f4xx_hal_tim.o
                0x08009978                HAL_TIM_PWM_PulseFinishedCallback
 .text.HAL_TIM_TriggerCallback
                0x0800998c       0x14 ./Drivers/STM32F4xx_HAL_Driver/Src/stm32f4xx_hal_tim.o
                0x0800998c                HAL_TIM_TriggerCallback
 .text.TIM_Base_SetConfig
                0x080099a0      0x140 ./Drivers/STM32F4xx_HAL_Driver/Src/stm32f4xx_hal_tim.o
                0x080099a0                TIM_Base_SetConfig
 .text.TIM_OC1_SetConfig
                0x08009ae0       0xe0 ./Drivers/STM32F4xx_HAL_Driver/Src/stm32f4xx_hal_tim.o
 .text.TIM_OC2_SetConfig
                0x08009bc0       0xec ./Drivers/STM32F4xx_HAL_Driver/Src/stm32f4xx_hal_tim.o
                0x08009bc0                TIM_OC2_SetConfig
 .text.TIM_OC3_SetConfig
                0x08009cac       0xe8 ./Drivers/STM32F4xx_HAL_Driver/Src/stm32f4xx_hal_tim.o
 .text.TIM_OC4_SetConfig
                0x08009d94       0xac ./Drivers/STM32F4xx_HAL_Driver/Src/stm32f4xx_hal_tim.o
 .text.TIM_TI1_ConfigInputStage
                0x08009e40       0x5e ./Drivers/STM32F4xx_HAL_Driver/Src/stm32f4xx_hal_tim.o
 .text.TIM_TI2_ConfigInputStage
                0x08009e9e       0x60 ./Drivers/STM32F4xx_HAL_Driver/Src/stm32f4xx_hal_tim.o
 .text.TIM_ITRx_SetConfig
                0x08009efe       0x36 ./Drivers/STM32F4xx_HAL_Driver/Src/stm32f4xx_hal_tim.o
 .text.TIM_ETR_SetConfig
                0x08009f34       0x40 ./Drivers/STM32F4xx_HAL_Driver/Src/stm32f4xx_hal_tim.o
                0x08009f34                TIM_ETR_SetConfig
 .text.TIM_CCxChannelCmd
                0x08009f74       0x4a ./Drivers/STM32F4xx_HAL_Driver/Src/stm32f4xx_hal_tim.o
                0x08009f74                TIM_CCxChannelCmd
 *fill*         0x08009fbe        0x2 
 .text.HAL_TIMEx_MasterConfigSynchronization
                0x08009fc0       0xf8 ./Drivers/STM32F4xx_HAL_Driver/Src/stm32f4xx_hal_tim_ex.o
                0x08009fc0                HAL_TIMEx_MasterConfigSynchronization
 .text.HAL_TIMEx_CommutCallback
                0x0800a0b8       0x14 ./Drivers/STM32F4xx_HAL_Driver/Src/stm32f4xx_hal_tim_ex.o
                0x0800a0b8                HAL_TIMEx_CommutCallback
 .text.HAL_TIMEx_BreakCallback
                0x0800a0cc       0x14 ./Drivers/STM32F4xx_HAL_Driver/Src/stm32f4xx_hal_tim_ex.o
                0x0800a0cc                HAL_TIMEx_BreakCallback
 .text.HAL_UART_Init
                0x0800a0e0       0x9a ./Drivers/STM32F4xx_HAL_Driver/Src/stm32f4xx_hal_uart.o
                0x0800a0e0                HAL_UART_Init
 .text.HAL_UART_Transmit
                0x0800a17a      0x124 ./Drivers/STM32F4xx_HAL_Driver/Src/stm32f4xx_hal_uart.o
                0x0800a17a                HAL_UART_Transmit
 .text.HAL_UART_Receive_IT
                0x0800a29e       0x60 ./Drivers/STM32F4xx_HAL_Driver/Src/stm32f4xx_hal_uart.o
                0x0800a29e                HAL_UART_Receive_IT
 *fill*         0x0800a2fe        0x2 
 .text.HAL_UART_IRQHandler
                0x0800a300      0x51c ./Drivers/STM32F4xx_HAL_Driver/Src/stm32f4xx_hal_uart.o
                0x0800a300                HAL_UART_IRQHandler
 .text.HAL_UART_TxCpltCallback
                0x0800a81c       0x14 ./Drivers/STM32F4xx_HAL_Driver/Src/stm32f4xx_hal_uart.o
                0x0800a81c                HAL_UART_TxCpltCallback
 .text.HAL_UART_ErrorCallback
                0x0800a830       0x14 ./Drivers/STM32F4xx_HAL_Driver/Src/stm32f4xx_hal_uart.o
                0x0800a830                HAL_UART_ErrorCallback
 .text.HAL_UARTEx_RxEventCallback
                0x0800a844       0x18 ./Drivers/STM32F4xx_HAL_Driver/Src/stm32f4xx_hal_uart.o
                0x0800a844                HAL_UARTEx_RxEventCallback
 .text.UART_WaitOnFlagUntilTimeout
                0x0800a85c       0xdc ./Drivers/STM32F4xx_HAL_Driver/Src/stm32f4xx_hal_uart.o
 .text.UART_Start_Receive_IT
                0x0800a938       0x7c ./Drivers/STM32F4xx_HAL_Driver/Src/stm32f4xx_hal_uart.o
                0x0800a938                UART_Start_Receive_IT
 .text.UART_EndRxTransfer
                0x0800a9b4       0xc6 ./Drivers/STM32F4xx_HAL_Driver/Src/stm32f4xx_hal_uart.o
 .text.UART_DMAAbortOnError
                0x0800aa7a       0x28 ./Drivers/STM32F4xx_HAL_Driver/Src/stm32f4xx_hal_uart.o
 .text.UART_Transmit_IT
                0x0800aaa2       0xa0 ./Drivers/STM32F4xx_HAL_Driver/Src/stm32f4xx_hal_uart.o
 .text.UART_EndTransmit_IT
                0x0800ab42       0x30 ./Drivers/STM32F4xx_HAL_Driver/Src/stm32f4xx_hal_uart.o
 .text.UART_Receive_IT
                0x0800ab72      0x176 ./Drivers/STM32F4xx_HAL_Driver/Src/stm32f4xx_hal_uart.o
 .text.UART_SetConfig
                0x0800ace8      0x4e8 ./Drivers/STM32F4xx_HAL_Driver/Src/stm32f4xx_hal_uart.o
 .text.OLED_Refresh_Gram
                0x0800b1d0       0x70 ./PeripheralDrivers/Src/oled.o
                0x0800b1d0                OLED_Refresh_Gram
 .text.OLED_WR_Byte
                0x0800b240       0x9c ./PeripheralDrivers/Src/oled.o
                0x0800b240                OLED_WR_Byte
 .text.OLED_Clear
                0x0800b2dc       0x4c ./PeripheralDrivers/Src/oled.o
                0x0800b2dc                OLED_Clear
 .text.OLED_DrawPoint
                0x0800b328       0xb4 ./PeripheralDrivers/Src/oled.o
                0x0800b328                OLED_DrawPoint
 .text.OLED_ShowChar
                0x0800b3dc       0xe4 ./PeripheralDrivers/Src/oled.o
                0x0800b3dc                OLED_ShowChar
 .text.OLED_ShowString
                0x0800b4c0       0x64 ./PeripheralDrivers/Src/oled.o
                0x0800b4c0                OLED_ShowString
 .text.OLED_Init
                0x0800b524      0x11c ./PeripheralDrivers/Src/oled.o
                0x0800b524                OLED_Init
 .text.malloc   0x0800b640       0x10 C:/ST/STM32CubeIDE_1.19.0/STM32CubeIDE/plugins/com.st.stm32cube.ide.mcu.externaltools.gnu-tools-for-stm32.13.3.rel1.win32_1.0.0.202411081344/tools/bin/../lib/gcc/arm-none-eabi/13.3.1/../../../../arm-none-eabi/lib/thumb/v7e-m+fp/hard\libc_nano.a(libc_a-malloc.o)
                0x0800b640                malloc
 .text.free     0x0800b650       0x10 C:/ST/STM32CubeIDE_1.19.0/STM32CubeIDE/plugins/com.st.stm32cube.ide.mcu.externaltools.gnu-tools-for-stm32.13.3.rel1.win32_1.0.0.202411081344/tools/bin/../lib/gcc/arm-none-eabi/13.3.1/../../../../arm-none-eabi/lib/thumb/v7e-m+fp/hard\libc_nano.a(libc_a-malloc.o)
                0x0800b650                free
 .text.sbrk_aligned
                0x0800b660       0x44 C:/ST/STM32CubeIDE_1.19.0/STM32CubeIDE/plugins/com.st.stm32cube.ide.mcu.externaltools.gnu-tools-for-stm32.13.3.rel1.win32_1.0.0.202411081344/tools/bin/../lib/gcc/arm-none-eabi/13.3.1/../../../../arm-none-eabi/lib/thumb/v7e-m+fp/hard\libc_nano.a(libc_a-mallocr.o)
 .text._malloc_r
                0x0800b6a4      0x100 C:/ST/STM32CubeIDE_1.19.0/STM32CubeIDE/plugins/com.st.stm32cube.ide.mcu.externaltools.gnu-tools-for-stm32.13.3.rel1.win32_1.0.0.202411081344/tools/bin/../lib/gcc/arm-none-eabi/13.3.1/../../../../arm-none-eabi/lib/thumb/v7e-m+fp/hard\libc_nano.a(libc_a-mallocr.o)
                0x0800b6a4                _malloc_r
 .text.__malloc_lock
                0x0800b7a4        0xc C:/ST/STM32CubeIDE_1.19.0/STM32CubeIDE/plugins/com.st.stm32cube.ide.mcu.externaltools.gnu-tools-for-stm32.13.3.rel1.win32_1.0.0.202411081344/tools/bin/../lib/gcc/arm-none-eabi/13.3.1/../../../../arm-none-eabi/lib/thumb/v7e-m+fp/hard\libc_nano.a(libc_a-mlock.o)
                0x0800b7a4                __malloc_lock
 .text.__malloc_unlock
                0x0800b7b0        0xc C:/ST/STM32CubeIDE_1.19.0/STM32CubeIDE/plugins/com.st.stm32cube.ide.mcu.externaltools.gnu-tools-for-stm32.13.3.rel1.win32_1.0.0.202411081344/tools/bin/../lib/gcc/arm-none-eabi/13.3.1/../../../../arm-none-eabi/lib/thumb/v7e-m+fp/hard\libc_nano.a(libc_a-mlock.o)
                0x0800b7b0                __malloc_unlock
 .text.__cvt    0x0800b7bc       0xca C:/ST/STM32CubeIDE_1.19.0/STM32CubeIDE/plugins/com.st.stm32cube.ide.mcu.externaltools.gnu-tools-for-stm32.13.3.rel1.win32_1.0.0.202411081344/tools/bin/../lib/gcc/arm-none-eabi/13.3.1/../../../../arm-none-eabi/lib/thumb/v7e-m+fp/hard\libc_nano.a(libc_a-nano-vfprintf_float.o)
                0x0800b7bc                __cvt
 .text.__exponent
                0x0800b886       0x74 C:/ST/STM32CubeIDE_1.19.0/STM32CubeIDE/plugins/com.st.stm32cube.ide.mcu.externaltools.gnu-tools-for-stm32.13.3.rel1.win32_1.0.0.202411081344/tools/bin/../lib/gcc/arm-none-eabi/13.3.1/../../../../arm-none-eabi/lib/thumb/v7e-m+fp/hard\libc_nano.a(libc_a-nano-vfprintf_float.o)
                0x0800b886                __exponent
 *fill*         0x0800b8fa        0x2 
 .text._printf_float
                0x0800b8fc      0x454 C:/ST/STM32CubeIDE_1.19.0/STM32CubeIDE/plugins/com.st.stm32cube.ide.mcu.externaltools.gnu-tools-for-stm32.13.3.rel1.win32_1.0.0.202411081344/tools/bin/../lib/gcc/arm-none-eabi/13.3.1/../../../../arm-none-eabi/lib/thumb/v7e-m+fp/hard\libc_nano.a(libc_a-nano-vfprintf_float.o)
                0x0800b8fc                _printf_float
 .text._printf_common
                0x0800bd50       0xda C:/ST/STM32CubeIDE_1.19.0/STM32CubeIDE/plugins/com.st.stm32cube.ide.mcu.externaltools.gnu-tools-for-stm32.13.3.rel1.win32_1.0.0.202411081344/tools/bin/../lib/gcc/arm-none-eabi/13.3.1/../../../../arm-none-eabi/lib/thumb/v7e-m+fp/hard\libc_nano.a(libc_a-nano-vfprintf_i.o)
                0x0800bd50                _printf_common
 *fill*         0x0800be2a        0x2 
 .text._printf_i
                0x0800be2c      0x23c C:/ST/STM32CubeIDE_1.19.0/STM32CubeIDE/plugins/com.st.stm32cube.ide.mcu.externaltools.gnu-tools-for-stm32.13.3.rel1.win32_1.0.0.202411081344/tools/bin/../lib/gcc/arm-none-eabi/13.3.1/../../../../arm-none-eabi/lib/thumb/v7e-m+fp/hard\libc_nano.a(libc_a-nano-vfprintf_i.o)
                0x0800be2c                _printf_i
 .text.std      0x0800c068       0x6c C:/ST/STM32CubeIDE_1.19.0/STM32CubeIDE/plugins/com.st.stm32cube.ide.mcu.externaltools.gnu-tools-for-stm32.13.3.rel1.win32_1.0.0.202411081344/tools/bin/../lib/gcc/arm-none-eabi/13.3.1/../../../../arm-none-eabi/lib/thumb/v7e-m+fp/hard\libc_nano.a(libc_a-findfp.o)
 .text.stdio_exit_handler
                0x0800c0d4       0x18 C:/ST/STM32CubeIDE_1.19.0/STM32CubeIDE/plugins/com.st.stm32cube.ide.mcu.externaltools.gnu-tools-for-stm32.13.3.rel1.win32_1.0.0.202411081344/tools/bin/../lib/gcc/arm-none-eabi/13.3.1/../../../../arm-none-eabi/lib/thumb/v7e-m+fp/hard\libc_nano.a(libc_a-findfp.o)
 .text.cleanup_stdio
                0x0800c0ec       0x40 C:/ST/STM32CubeIDE_1.19.0/STM32CubeIDE/plugins/com.st.stm32cube.ide.mcu.externaltools.gnu-tools-for-stm32.13.3.rel1.win32_1.0.0.202411081344/tools/bin/../lib/gcc/arm-none-eabi/13.3.1/../../../../arm-none-eabi/lib/thumb/v7e-m+fp/hard\libc_nano.a(libc_a-findfp.o)
 .text.global_stdio_init.part.0
                0x0800c12c       0x3c C:/ST/STM32CubeIDE_1.19.0/STM32CubeIDE/plugins/com.st.stm32cube.ide.mcu.externaltools.gnu-tools-for-stm32.13.3.rel1.win32_1.0.0.202411081344/tools/bin/../lib/gcc/arm-none-eabi/13.3.1/../../../../arm-none-eabi/lib/thumb/v7e-m+fp/hard\libc_nano.a(libc_a-findfp.o)
 .text.__sfp_lock_acquire
                0x0800c168        0xc C:/ST/STM32CubeIDE_1.19.0/STM32CubeIDE/plugins/com.st.stm32cube.ide.mcu.externaltools.gnu-tools-for-stm32.13.3.rel1.win32_1.0.0.202411081344/tools/bin/../lib/gcc/arm-none-eabi/13.3.1/../../../../arm-none-eabi/lib/thumb/v7e-m+fp/hard\libc_nano.a(libc_a-findfp.o)
                0x0800c168                __sfp_lock_acquire
 .text.__sfp_lock_release
                0x0800c174        0xc C:/ST/STM32CubeIDE_1.19.0/STM32CubeIDE/plugins/com.st.stm32cube.ide.mcu.externaltools.gnu-tools-for-stm32.13.3.rel1.win32_1.0.0.202411081344/tools/bin/../lib/gcc/arm-none-eabi/13.3.1/../../../../arm-none-eabi/lib/thumb/v7e-m+fp/hard\libc_nano.a(libc_a-findfp.o)
                0x0800c174                __sfp_lock_release
 .text.__sinit  0x0800c180       0x30 C:/ST/STM32CubeIDE_1.19.0/STM32CubeIDE/plugins/com.st.stm32cube.ide.mcu.externaltools.gnu-tools-for-stm32.13.3.rel1.win32_1.0.0.202411081344/tools/bin/../lib/gcc/arm-none-eabi/13.3.1/../../../../arm-none-eabi/lib/thumb/v7e-m+fp/hard\libc_nano.a(libc_a-findfp.o)
                0x0800c180                __sinit
 .text._fwalk_sglue
                0x0800c1b0       0x3c C:/ST/STM32CubeIDE_1.19.0/STM32CubeIDE/plugins/com.st.stm32cube.ide.mcu.externaltools.gnu-tools-for-stm32.13.3.rel1.win32_1.0.0.202411081344/tools/bin/../lib/gcc/arm-none-eabi/13.3.1/../../../../arm-none-eabi/lib/thumb/v7e-m+fp/hard\libc_nano.a(libc_a-fwalk.o)
                0x0800c1b0                _fwalk_sglue
 .text.snprintf
                0x0800c1ec       0x6c C:/ST/STM32CubeIDE_1.19.0/STM32CubeIDE/plugins/com.st.stm32cube.ide.mcu.externaltools.gnu-tools-for-stm32.13.3.rel1.win32_1.0.0.202411081344/tools/bin/../lib/gcc/arm-none-eabi/13.3.1/../../../../arm-none-eabi/lib/thumb/v7e-m+fp/hard\libc_nano.a(libc_a-snprintf.o)
                0x0800c1ec                sniprintf
                0x0800c1ec                snprintf
 .text.__sread  0x0800c258       0x22 C:/ST/STM32CubeIDE_1.19.0/STM32CubeIDE/plugins/com.st.stm32cube.ide.mcu.externaltools.gnu-tools-for-stm32.13.3.rel1.win32_1.0.0.202411081344/tools/bin/../lib/gcc/arm-none-eabi/13.3.1/../../../../arm-none-eabi/lib/thumb/v7e-m+fp/hard\libc_nano.a(libc_a-stdio.o)
                0x0800c258                __sread
 .text.__swrite
                0x0800c27a       0x38 C:/ST/STM32CubeIDE_1.19.0/STM32CubeIDE/plugins/com.st.stm32cube.ide.mcu.externaltools.gnu-tools-for-stm32.13.3.rel1.win32_1.0.0.202411081344/tools/bin/../lib/gcc/arm-none-eabi/13.3.1/../../../../arm-none-eabi/lib/thumb/v7e-m+fp/hard\libc_nano.a(libc_a-stdio.o)
                0x0800c27a                __swrite
 .text.__sseek  0x0800c2b2       0x24 C:/ST/STM32CubeIDE_1.19.0/STM32CubeIDE/plugins/com.st.stm32cube.ide.mcu.externaltools.gnu-tools-for-stm32.13.3.rel1.win32_1.0.0.202411081344/tools/bin/../lib/gcc/arm-none-eabi/13.3.1/../../../../arm-none-eabi/lib/thumb/v7e-m+fp/hard\libc_nano.a(libc_a-stdio.o)
                0x0800c2b2                __sseek
 .text.__sclose
                0x0800c2d6        0x8 C:/ST/STM32CubeIDE_1.19.0/STM32CubeIDE/plugins/com.st.stm32cube.ide.mcu.externaltools.gnu-tools-for-stm32.13.3.rel1.win32_1.0.0.202411081344/tools/bin/../lib/gcc/arm-none-eabi/13.3.1/../../../../arm-none-eabi/lib/thumb/v7e-m+fp/hard\libc_nano.a(libc_a-stdio.o)
                0x0800c2d6                __sclose
 .text._vsnprintf_r
                0x0800c2de       0x5c C:/ST/STM32CubeIDE_1.19.0/STM32CubeIDE/plugins/com.st.stm32cube.ide.mcu.externaltools.gnu-tools-for-stm32.13.3.rel1.win32_1.0.0.202411081344/tools/bin/../lib/gcc/arm-none-eabi/13.3.1/../../../../arm-none-eabi/lib/thumb/v7e-m+fp/hard\libc_nano.a(libc_a-vsnprintf.o)
                0x0800c2de                _vsniprintf_r
                0x0800c2de                _vsnprintf_r
 *fill*         0x0800c33a        0x2 
 .text.vsnprintf
                0x0800c33c       0x1c C:/ST/STM32CubeIDE_1.19.0/STM32CubeIDE/plugins/com.st.stm32cube.ide.mcu.externaltools.gnu-tools-for-stm32.13.3.rel1.win32_1.0.0.202411081344/tools/bin/../lib/gcc/arm-none-eabi/13.3.1/../../../../arm-none-eabi/lib/thumb/v7e-m+fp/hard\libc_nano.a(libc_a-vsnprintf.o)
                0x0800c33c                vsniprintf
                0x0800c33c                vsnprintf
 .text.memset   0x0800c358       0x10 C:/ST/STM32CubeIDE_1.19.0/STM32CubeIDE/plugins/com.st.stm32cube.ide.mcu.externaltools.gnu-tools-for-stm32.13.3.rel1.win32_1.0.0.202411081344/tools/bin/../lib/gcc/arm-none-eabi/13.3.1/../../../../arm-none-eabi/lib/thumb/v7e-m+fp/hard\libc_nano.a(libc_a-memset.o)
                0x0800c358                memset
 .text._localeconv_r
                0x0800c368        0x8 C:/ST/STM32CubeIDE_1.19.0/STM32CubeIDE/plugins/com.st.stm32cube.ide.mcu.externaltools.gnu-tools-for-stm32.13.3.rel1.win32_1.0.0.202411081344/tools/bin/../lib/gcc/arm-none-eabi/13.3.1/../../../../arm-none-eabi/lib/thumb/v7e-m+fp/hard\libc_nano.a(libc_a-localeconv.o)
                0x0800c368                _localeconv_r
 .text._close_r
                0x0800c370       0x20 C:/ST/STM32CubeIDE_1.19.0/STM32CubeIDE/plugins/com.st.stm32cube.ide.mcu.externaltools.gnu-tools-for-stm32.13.3.rel1.win32_1.0.0.202411081344/tools/bin/../lib/gcc/arm-none-eabi/13.3.1/../../../../arm-none-eabi/lib/thumb/v7e-m+fp/hard\libc_nano.a(libc_a-closer.o)
                0x0800c370                _close_r
 .text._lseek_r
                0x0800c390       0x24 C:/ST/STM32CubeIDE_1.19.0/STM32CubeIDE/plugins/com.st.stm32cube.ide.mcu.externaltools.gnu-tools-for-stm32.13.3.rel1.win32_1.0.0.202411081344/tools/bin/../lib/gcc/arm-none-eabi/13.3.1/../../../../arm-none-eabi/lib/thumb/v7e-m+fp/hard\libc_nano.a(libc_a-lseekr.o)
                0x0800c390                _lseek_r
 .text._read_r  0x0800c3b4       0x24 C:/ST/STM32CubeIDE_1.19.0/STM32CubeIDE/plugins/com.st.stm32cube.ide.mcu.externaltools.gnu-tools-for-stm32.13.3.rel1.win32_1.0.0.202411081344/tools/bin/../lib/gcc/arm-none-eabi/13.3.1/../../../../arm-none-eabi/lib/thumb/v7e-m+fp/hard\libc_nano.a(libc_a-readr.o)
                0x0800c3b4                _read_r
 .text._sbrk_r  0x0800c3d8       0x20 C:/ST/STM32CubeIDE_1.19.0/STM32CubeIDE/plugins/com.st.stm32cube.ide.mcu.externaltools.gnu-tools-for-stm32.13.3.rel1.win32_1.0.0.202411081344/tools/bin/../lib/gcc/arm-none-eabi/13.3.1/../../../../arm-none-eabi/lib/thumb/v7e-m+fp/hard\libc_nano.a(libc_a-sbrkr.o)
                0x0800c3d8                _sbrk_r
 .text._write_r
                0x0800c3f8       0x24 C:/ST/STM32CubeIDE_1.19.0/STM32CubeIDE/plugins/com.st.stm32cube.ide.mcu.externaltools.gnu-tools-for-stm32.13.3.rel1.win32_1.0.0.202411081344/tools/bin/../lib/gcc/arm-none-eabi/13.3.1/../../../../arm-none-eabi/lib/thumb/v7e-m+fp/hard\libc_nano.a(libc_a-writer.o)
                0x0800c3f8                _write_r
 .text.__errno  0x0800c41c        0xc C:/ST/STM32CubeIDE_1.19.0/STM32CubeIDE/plugins/com.st.stm32cube.ide.mcu.externaltools.gnu-tools-for-stm32.13.3.rel1.win32_1.0.0.202411081344/tools/bin/../lib/gcc/arm-none-eabi/13.3.1/../../../../arm-none-eabi/lib/thumb/v7e-m+fp/hard\libc_nano.a(libc_a-errno.o)
                0x0800c41c                __errno
 .text.__libc_init_array
                0x0800c428       0x48 C:/ST/STM32CubeIDE_1.19.0/STM32CubeIDE/plugins/com.st.stm32cube.ide.mcu.externaltools.gnu-tools-for-stm32.13.3.rel1.win32_1.0.0.202411081344/tools/bin/../lib/gcc/arm-none-eabi/13.3.1/../../../../arm-none-eabi/lib/thumb/v7e-m+fp/hard\libc_nano.a(libc_a-init.o)
                0x0800c428                __libc_init_array
 .text.__retarget_lock_init_recursive
                0x0800c470        0x2 C:/ST/STM32CubeIDE_1.19.0/STM32CubeIDE/plugins/com.st.stm32cube.ide.mcu.externaltools.gnu-tools-for-stm32.13.3.rel1.win32_1.0.0.202411081344/tools/bin/../lib/gcc/arm-none-eabi/13.3.1/../../../../arm-none-eabi/lib/thumb/v7e-m+fp/hard\libc_nano.a(libc_a-lock.o)
                0x0800c470                __retarget_lock_init_recursive
 .text.__retarget_lock_acquire_recursive
                0x0800c472        0x2 C:/ST/STM32CubeIDE_1.19.0/STM32CubeIDE/plugins/com.st.stm32cube.ide.mcu.externaltools.gnu-tools-for-stm32.13.3.rel1.win32_1.0.0.202411081344/tools/bin/../lib/gcc/arm-none-eabi/13.3.1/../../../../arm-none-eabi/lib/thumb/v7e-m+fp/hard\libc_nano.a(libc_a-lock.o)
                0x0800c472                __retarget_lock_acquire_recursive
 .text.__retarget_lock_release_recursive
                0x0800c474        0x2 C:/ST/STM32CubeIDE_1.19.0/STM32CubeIDE/plugins/com.st.stm32cube.ide.mcu.externaltools.gnu-tools-for-stm32.13.3.rel1.win32_1.0.0.202411081344/tools/bin/../lib/gcc/arm-none-eabi/13.3.1/../../../../arm-none-eabi/lib/thumb/v7e-m+fp/hard\libc_nano.a(libc_a-lock.o)
                0x0800c474                __retarget_lock_release_recursive
 .text.memcpy   0x0800c476       0x1c C:/ST/STM32CubeIDE_1.19.0/STM32CubeIDE/plugins/com.st.stm32cube.ide.mcu.externaltools.gnu-tools-for-stm32.13.3.rel1.win32_1.0.0.202411081344/tools/bin/../lib/gcc/arm-none-eabi/13.3.1/../../../../arm-none-eabi/lib/thumb/v7e-m+fp/hard\libc_nano.a(libc_a-memcpy-stub.o)
                0x0800c476                memcpy
 .text.quorem   0x0800c492      0x110 C:/ST/STM32CubeIDE_1.19.0/STM32CubeIDE/plugins/com.st.stm32cube.ide.mcu.externaltools.gnu-tools-for-stm32.13.3.rel1.win32_1.0.0.202411081344/tools/bin/../lib/gcc/arm-none-eabi/13.3.1/../../../../arm-none-eabi/lib/thumb/v7e-m+fp/hard\libc_nano.a(libc_a-dtoa.o)
 *fill*         0x0800c5a2        0x6 
 .text._dtoa_r  0x0800c5a8      0xba0 C:/ST/STM32CubeIDE_1.19.0/STM32CubeIDE/plugins/com.st.stm32cube.ide.mcu.externaltools.gnu-tools-for-stm32.13.3.rel1.win32_1.0.0.202411081344/tools/bin/../lib/gcc/arm-none-eabi/13.3.1/../../../../arm-none-eabi/lib/thumb/v7e-m+fp/hard\libc_nano.a(libc_a-dtoa.o)
                0x0800c5a8                _dtoa_r
 .text._free_r  0x0800d148       0x94 C:/ST/STM32CubeIDE_1.19.0/STM32CubeIDE/plugins/com.st.stm32cube.ide.mcu.externaltools.gnu-tools-for-stm32.13.3.rel1.win32_1.0.0.202411081344/tools/bin/../lib/gcc/arm-none-eabi/13.3.1/../../../../arm-none-eabi/lib/thumb/v7e-m+fp/hard\libc_nano.a(libc_a-freer.o)
                0x0800d148                _free_r
 .text._Balloc  0x0800d1dc       0x80 C:/ST/STM32CubeIDE_1.19.0/STM32CubeIDE/plugins/com.st.stm32cube.ide.mcu.externaltools.gnu-tools-for-stm32.13.3.rel1.win32_1.0.0.202411081344/tools/bin/../lib/gcc/arm-none-eabi/13.3.1/../../../../arm-none-eabi/lib/thumb/v7e-m+fp/hard\libc_nano.a(libc_a-mprec.o)
                0x0800d1dc                _Balloc
 .text._Bfree   0x0800d25c       0x44 C:/ST/STM32CubeIDE_1.19.0/STM32CubeIDE/plugins/com.st.stm32cube.ide.mcu.externaltools.gnu-tools-for-stm32.13.3.rel1.win32_1.0.0.202411081344/tools/bin/../lib/gcc/arm-none-eabi/13.3.1/../../../../arm-none-eabi/lib/thumb/v7e-m+fp/hard\libc_nano.a(libc_a-mprec.o)
                0x0800d25c                _Bfree
 .text.__multadd
                0x0800d2a0       0x8c C:/ST/STM32CubeIDE_1.19.0/STM32CubeIDE/plugins/com.st.stm32cube.ide.mcu.externaltools.gnu-tools-for-stm32.13.3.rel1.win32_1.0.0.202411081344/tools/bin/../lib/gcc/arm-none-eabi/13.3.1/../../../../arm-none-eabi/lib/thumb/v7e-m+fp/hard\libc_nano.a(libc_a-mprec.o)
                0x0800d2a0                __multadd
 .text.__hi0bits
                0x0800d32c       0x3e C:/ST/STM32CubeIDE_1.19.0/STM32CubeIDE/plugins/com.st.stm32cube.ide.mcu.externaltools.gnu-tools-for-stm32.13.3.rel1.win32_1.0.0.202411081344/tools/bin/../lib/gcc/arm-none-eabi/13.3.1/../../../../arm-none-eabi/lib/thumb/v7e-m+fp/hard\libc_nano.a(libc_a-mprec.o)
                0x0800d32c                __hi0bits
 .text.__lo0bits
                0x0800d36a       0x5a C:/ST/STM32CubeIDE_1.19.0/STM32CubeIDE/plugins/com.st.stm32cube.ide.mcu.externaltools.gnu-tools-for-stm32.13.3.rel1.win32_1.0.0.202411081344/tools/bin/../lib/gcc/arm-none-eabi/13.3.1/../../../../arm-none-eabi/lib/thumb/v7e-m+fp/hard\libc_nano.a(libc_a-mprec.o)
                0x0800d36a                __lo0bits
 .text.__i2b    0x0800d3c4       0x2c C:/ST/STM32CubeIDE_1.19.0/STM32CubeIDE/plugins/com.st.stm32cube.ide.mcu.externaltools.gnu-tools-for-stm32.13.3.rel1.win32_1.0.0.202411081344/tools/bin/../lib/gcc/arm-none-eabi/13.3.1/../../../../arm-none-eabi/lib/thumb/v7e-m+fp/hard\libc_nano.a(libc_a-mprec.o)
                0x0800d3c4                __i2b
 .text.__multiply
                0x0800d3f0      0x144 C:/ST/STM32CubeIDE_1.19.0/STM32CubeIDE/plugins/com.st.stm32cube.ide.mcu.externaltools.gnu-tools-for-stm32.13.3.rel1.win32_1.0.0.202411081344/tools/bin/../lib/gcc/arm-none-eabi/13.3.1/../../../../arm-none-eabi/lib/thumb/v7e-m+fp/hard\libc_nano.a(libc_a-mprec.o)
                0x0800d3f0                __multiply
 .text.__pow5mult
                0x0800d534       0xb4 C:/ST/STM32CubeIDE_1.19.0/STM32CubeIDE/plugins/com.st.stm32cube.ide.mcu.externaltools.gnu-tools-for-stm32.13.3.rel1.win32_1.0.0.202411081344/tools/bin/../lib/gcc/arm-none-eabi/13.3.1/../../../../arm-none-eabi/lib/thumb/v7e-m+fp/hard\libc_nano.a(libc_a-mprec.o)
                0x0800d534                __pow5mult
 .text.__lshift
                0x0800d5e8       0xd8 C:/ST/STM32CubeIDE_1.19.0/STM32CubeIDE/plugins/com.st.stm32cube.ide.mcu.externaltools.gnu-tools-for-stm32.13.3.rel1.win32_1.0.0.202411081344/tools/bin/../lib/gcc/arm-none-eabi/13.3.1/../../../../arm-none-eabi/lib/thumb/v7e-m+fp/hard\libc_nano.a(libc_a-mprec.o)
                0x0800d5e8                __lshift
 .text.__mcmp   0x0800d6c0       0x36 C:/ST/STM32CubeIDE_1.19.0/STM32CubeIDE/plugins/com.st.stm32cube.ide.mcu.externaltools.gnu-tools-for-stm32.13.3.rel1.win32_1.0.0.202411081344/tools/bin/../lib/gcc/arm-none-eabi/13.3.1/../../../../arm-none-eabi/lib/thumb/v7e-m+fp/hard\libc_nano.a(libc_a-mprec.o)
                0x0800d6c0                __mcmp
 *fill*         0x0800d6f6        0x2 
 .text.__mdiff  0x0800d6f8      0x128 C:/ST/STM32CubeIDE_1.19.0/STM32CubeIDE/plugins/com.st.stm32cube.ide.mcu.externaltools.gnu-tools-for-stm32.13.3.rel1.win32_1.0.0.202411081344/tools/bin/../lib/gcc/arm-none-eabi/13.3.1/../../../../arm-none-eabi/lib/thumb/v7e-m+fp/hard\libc_nano.a(libc_a-mprec.o)
                0x0800d6f8                __mdiff
 .text.__d2b    0x0800d820       0xb0 C:/ST/STM32CubeIDE_1.19.0/STM32CubeIDE/plugins/com.st.stm32cube.ide.mcu.externaltools.gnu-tools-for-stm32.13.3.rel1.win32_1.0.0.202411081344/tools/bin/../lib/gcc/arm-none-eabi/13.3.1/../../../../arm-none-eabi/lib/thumb/v7e-m+fp/hard\libc_nano.a(libc_a-mprec.o)
                0x0800d820                __d2b
 .text.__ssputs_r
                0x0800d8d0       0xb6 C:/ST/STM32CubeIDE_1.19.0/STM32CubeIDE/plugins/com.st.stm32cube.ide.mcu.externaltools.gnu-tools-for-stm32.13.3.rel1.win32_1.0.0.202411081344/tools/bin/../lib/gcc/arm-none-eabi/13.3.1/../../../../arm-none-eabi/lib/thumb/v7e-m+fp/hard\libc_nano.a(libc_a-nano-svfprintf.o)
                0x0800d8d0                __ssputs_r
 *fill*         0x0800d986        0x2 
 .text._svfprintf_r
                0x0800d988      0x1f8 C:/ST/STM32CubeIDE_1.19.0/STM32CubeIDE/plugins/com.st.stm32cube.ide.mcu.externaltools.gnu-tools-for-stm32.13.3.rel1.win32_1.0.0.202411081344/tools/bin/../lib/gcc/arm-none-eabi/13.3.1/../../../../arm-none-eabi/lib/thumb/v7e-m+fp/hard\libc_nano.a(libc_a-nano-svfprintf.o)
                0x0800d988                _svfiprintf_r
                0x0800d988                _svfprintf_r
 .text.__sflush_r
                0x0800db80      0x108 C:/ST/STM32CubeIDE_1.19.0/STM32CubeIDE/plugins/com.st.stm32cube.ide.mcu.externaltools.gnu-tools-for-stm32.13.3.rel1.win32_1.0.0.202411081344/tools/bin/../lib/gcc/arm-none-eabi/13.3.1/../../../../arm-none-eabi/lib/thumb/v7e-m+fp/hard\libc_nano.a(libc_a-fflush.o)
                0x0800db80                __sflush_r
 .text._fflush_r
                0x0800dc88       0x50 C:/ST/STM32CubeIDE_1.19.0/STM32CubeIDE/plugins/com.st.stm32cube.ide.mcu.externaltools.gnu-tools-for-stm32.13.3.rel1.win32_1.0.0.202411081344/tools/bin/../lib/gcc/arm-none-eabi/13.3.1/../../../../arm-none-eabi/lib/thumb/v7e-m+fp/hard\libc_nano.a(libc_a-fflush.o)
                0x0800dc88                _fflush_r
 .text.memmove  0x0800dcd8       0x34 C:/ST/STM32CubeIDE_1.19.0/STM32CubeIDE/plugins/com.st.stm32cube.ide.mcu.externaltools.gnu-tools-for-stm32.13.3.rel1.win32_1.0.0.202411081344/tools/bin/../lib/gcc/arm-none-eabi/13.3.1/../../../../arm-none-eabi/lib/thumb/v7e-m+fp/hard\libc_nano.a(libc_a-memmove.o)
                0x0800dcd8                memmove
 .text.__assert_func
                0x0800dd0c       0x3c C:/ST/STM32CubeIDE_1.19.0/STM32CubeIDE/plugins/com.st.stm32cube.ide.mcu.externaltools.gnu-tools-for-stm32.13.3.rel1.win32_1.0.0.202411081344/tools/bin/../lib/gcc/arm-none-eabi/13.3.1/../../../../arm-none-eabi/lib/thumb/v7e-m+fp/hard\libc_nano.a(libc_a-assert.o)
                0x0800dd0c                __assert_func
 .text._calloc_r
                0x0800dd48       0x28 C:/ST/STM32CubeIDE_1.19.0/STM32CubeIDE/plugins/com.st.stm32cube.ide.mcu.externaltools.gnu-tools-for-stm32.13.3.rel1.win32_1.0.0.202411081344/tools/bin/../lib/gcc/arm-none-eabi/13.3.1/../../../../arm-none-eabi/lib/thumb/v7e-m+fp/hard\libc_nano.a(libc_a-callocr.o)
                0x0800dd48                _calloc_r
 .text.__ascii_mbtowc
                0x0800dd70       0x24 C:/ST/STM32CubeIDE_1.19.0/STM32CubeIDE/plugins/com.st.stm32cube.ide.mcu.externaltools.gnu-tools-for-stm32.13.3.rel1.win32_1.0.0.202411081344/tools/bin/../lib/gcc/arm-none-eabi/13.3.1/../../../../arm-none-eabi/lib/thumb/v7e-m+fp/hard\libc_nano.a(libc_a-mbtowc_r.o)
                0x0800dd70                __ascii_mbtowc
 .text._realloc_r
                0x0800dd94       0x5c C:/ST/STM32CubeIDE_1.19.0/STM32CubeIDE/plugins/com.st.stm32cube.ide.mcu.externaltools.gnu-tools-for-stm32.13.3.rel1.win32_1.0.0.202411081344/tools/bin/../lib/gcc/arm-none-eabi/13.3.1/../../../../arm-none-eabi/lib/thumb/v7e-m+fp/hard\libc_nano.a(libc_a-reallocr.o)
                0x0800dd94                _realloc_r
 .text.__ascii_wctomb
                0x0800ddf0       0x1a C:/ST/STM32CubeIDE_1.19.0/STM32CubeIDE/plugins/com.st.stm32cube.ide.mcu.externaltools.gnu-tools-for-stm32.13.3.rel1.win32_1.0.0.202411081344/tools/bin/../lib/gcc/arm-none-eabi/13.3.1/../../../../arm-none-eabi/lib/thumb/v7e-m+fp/hard\libc_nano.a(libc_a-wctomb_r.o)
                0x0800ddf0                __ascii_wctomb
 *fill*         0x0800de0a        0x2 
 .text.fprintf  0x0800de0c       0x24 C:/ST/STM32CubeIDE_1.19.0/STM32CubeIDE/plugins/com.st.stm32cube.ide.mcu.externaltools.gnu-tools-for-stm32.13.3.rel1.win32_1.0.0.202411081344/tools/bin/../lib/gcc/arm-none-eabi/13.3.1/../../../../arm-none-eabi/lib/thumb/v7e-m+fp/hard\libc_nano.a(libc_a-fprintf.o)
                0x0800de0c                fiprintf
                0x0800de0c                fprintf
 .text.abort    0x0800de30        0xe C:/ST/STM32CubeIDE_1.19.0/STM32CubeIDE/plugins/com.st.stm32cube.ide.mcu.externaltools.gnu-tools-for-stm32.13.3.rel1.win32_1.0.0.202411081344/tools/bin/../lib/gcc/arm-none-eabi/13.3.1/../../../../arm-none-eabi/lib/thumb/v7e-m+fp/hard\libc_nano.a(libc_a-abort.o)
                0x0800de30                abort
 .text._malloc_usable_size_r
                0x0800de3e       0x10 C:/ST/STM32CubeIDE_1.19.0/STM32CubeIDE/plugins/com.st.stm32cube.ide.mcu.externaltools.gnu-tools-for-stm32.13.3.rel1.win32_1.0.0.202411081344/tools/bin/../lib/gcc/arm-none-eabi/13.3.1/../../../../arm-none-eabi/lib/thumb/v7e-m+fp/hard\libc_nano.a(libc_a-msizer.o)
                0x0800de3e                _malloc_usable_size_r
 .text.__sfputc_r
                0x0800de4e       0x2e C:/ST/STM32CubeIDE_1.19.0/STM32CubeIDE/plugins/com.st.stm32cube.ide.mcu.externaltools.gnu-tools-for-stm32.13.3.rel1.win32_1.0.0.202411081344/tools/bin/../lib/gcc/arm-none-eabi/13.3.1/../../../../arm-none-eabi/lib/thumb/v7e-m+fp/hard\libc_nano.a(libc_a-nano-vfprintf.o)
 .text.__sfputs_r
                0x0800de7c       0x24 C:/ST/STM32CubeIDE_1.19.0/STM32CubeIDE/plugins/com.st.stm32cube.ide.mcu.externaltools.gnu-tools-for-stm32.13.3.rel1.win32_1.0.0.202411081344/tools/bin/../lib/gcc/arm-none-eabi/13.3.1/../../../../arm-none-eabi/lib/thumb/v7e-m+fp/hard\libc_nano.a(libc_a-nano-vfprintf.o)
                0x0800de7c                __sfputs_r
 .text._vfprintf_r
                0x0800dea0      0x230 C:/ST/STM32CubeIDE_1.19.0/STM32CubeIDE/plugins/com.st.stm32cube.ide.mcu.externaltools.gnu-tools-for-stm32.13.3.rel1.win32_1.0.0.202411081344/tools/bin/../lib/gcc/arm-none-eabi/13.3.1/../../../../arm-none-eabi/lib/thumb/v7e-m+fp/hard\libc_nano.a(libc_a-nano-vfprintf.o)
                0x0800dea0                _vfprintf_r
                0x0800dea0                _vfiprintf_r
 .text.__swbuf_r
                0x0800e0d0       0x7c C:/ST/STM32CubeIDE_1.19.0/STM32CubeIDE/plugins/com.st.stm32cube.ide.mcu.externaltools.gnu-tools-for-stm32.13.3.rel1.win32_1.0.0.202411081344/tools/bin/../lib/gcc/arm-none-eabi/13.3.1/../../../../arm-none-eabi/lib/thumb/v7e-m+fp/hard\libc_nano.a(libc_a-wbuf.o)
                0x0800e0d0                __swbuf_r
 .text.__swsetup_r
                0x0800e14c       0xac C:/ST/STM32CubeIDE_1.19.0/STM32CubeIDE/plugins/com.st.stm32cube.ide.mcu.externaltools.gnu-tools-for-stm32.13.3.rel1.win32_1.0.0.202411081344/tools/bin/../lib/gcc/arm-none-eabi/13.3.1/../../../../arm-none-eabi/lib/thumb/v7e-m+fp/hard\libc_nano.a(libc_a-wsetup.o)
                0x0800e14c                __swsetup_r
 .text._raise_r
                0x0800e1f8       0x50 C:/ST/STM32CubeIDE_1.19.0/STM32CubeIDE/plugins/com.st.stm32cube.ide.mcu.externaltools.gnu-tools-for-stm32.13.3.rel1.win32_1.0.0.202411081344/tools/bin/../lib/gcc/arm-none-eabi/13.3.1/../../../../arm-none-eabi/lib/thumb/v7e-m+fp/hard\libc_nano.a(libc_a-signal.o)
                0x0800e1f8                _raise_r
 .text.raise    0x0800e248       0x10 C:/ST/STM32CubeIDE_1.19.0/STM32CubeIDE/plugins/com.st.stm32cube.ide.mcu.externaltools.gnu-tools-for-stm32.13.3.rel1.win32_1.0.0.202411081344/tools/bin/../lib/gcc/arm-none-eabi/13.3.1/../../../../arm-none-eabi/lib/thumb/v7e-m+fp/hard\libc_nano.a(libc_a-signal.o)
                0x0800e248                raise
 .text._kill_r  0x0800e258       0x24 C:/ST/STM32CubeIDE_1.19.0/STM32CubeIDE/plugins/com.st.stm32cube.ide.mcu.externaltools.gnu-tools-for-stm32.13.3.rel1.win32_1.0.0.202411081344/tools/bin/../lib/gcc/arm-none-eabi/13.3.1/../../../../arm-none-eabi/lib/thumb/v7e-m+fp/hard\libc_nano.a(libc_a-signalr.o)
                0x0800e258                _kill_r
 .text._getpid_r
                0x0800e27c        0x4 C:/ST/STM32CubeIDE_1.19.0/STM32CubeIDE/plugins/com.st.stm32cube.ide.mcu.externaltools.gnu-tools-for-stm32.13.3.rel1.win32_1.0.0.202411081344/tools/bin/../lib/gcc/arm-none-eabi/13.3.1/../../../../arm-none-eabi/lib/thumb/v7e-m+fp/hard\libc_nano.a(libc_a-signalr.o)
                0x0800e27c                _getpid_r
 .text.__swhatbuf_r
                0x0800e280       0x4c C:/ST/STM32CubeIDE_1.19.0/STM32CubeIDE/plugins/com.st.stm32cube.ide.mcu.externaltools.gnu-tools-for-stm32.13.3.rel1.win32_1.0.0.202411081344/tools/bin/../lib/gcc/arm-none-eabi/13.3.1/../../../../arm-none-eabi/lib/thumb/v7e-m+fp/hard\libc_nano.a(libc_a-makebuf.o)
                0x0800e280                __swhatbuf_r
 .text.__smakebuf_r
                0x0800e2cc       0x78 C:/ST/STM32CubeIDE_1.19.0/STM32CubeIDE/plugins/com.st.stm32cube.ide.mcu.externaltools.gnu-tools-for-stm32.13.3.rel1.win32_1.0.0.202411081344/tools/bin/../lib/gcc/arm-none-eabi/13.3.1/../../../../arm-none-eabi/lib/thumb/v7e-m+fp/hard\libc_nano.a(libc_a-makebuf.o)
                0x0800e2cc                __smakebuf_r
 .text._fstat_r
                0x0800e344       0x24 C:/ST/STM32CubeIDE_1.19.0/STM32CubeIDE/plugins/com.st.stm32cube.ide.mcu.externaltools.gnu-tools-for-stm32.13.3.rel1.win32_1.0.0.202411081344/tools/bin/../lib/gcc/arm-none-eabi/13.3.1/../../../../arm-none-eabi/lib/thumb/v7e-m+fp/hard\libc_nano.a(libc_a-fstatr.o)
                0x0800e344                _fstat_r
 .text._isatty_r
                0x0800e368       0x20 C:/ST/STM32CubeIDE_1.19.0/STM32CubeIDE/plugins/com.st.stm32cube.ide.mcu.externaltools.gnu-tools-for-stm32.13.3.rel1.win32_1.0.0.202411081344/tools/bin/../lib/gcc/arm-none-eabi/13.3.1/../../../../arm-none-eabi/lib/thumb/v7e-m+fp/hard\libc_nano.a(libc_a-isattyr.o)
                0x0800e368                _isatty_r
 .text.atan2    0x0800e388        0x4 C:/ST/STM32CubeIDE_1.19.0/STM32CubeIDE/plugins/com.st.stm32cube.ide.mcu.externaltools.gnu-tools-for-stm32.13.3.rel1.win32_1.0.0.202411081344/tools/bin/../lib/gcc/arm-none-eabi/13.3.1/../../../../arm-none-eabi/lib/thumb/v7e-m+fp/hard\libm.a(libm_a-w_atan2.o)
                0x0800e388                atan2
 .text.pow      0x0800e38c       0xe0 C:/ST/STM32CubeIDE_1.19.0/STM32CubeIDE/plugins/com.st.stm32cube.ide.mcu.externaltools.gnu-tools-for-stm32.13.3.rel1.win32_1.0.0.202411081344/tools/bin/../lib/gcc/arm-none-eabi/13.3.1/../../../../arm-none-eabi/lib/thumb/v7e-m+fp/hard\libm.a(libm_a-w_pow.o)
                0x0800e38c                pow
 .text.sqrt     0x0800e46c       0x58 C:/ST/STM32CubeIDE_1.19.0/STM32CubeIDE/plugins/com.st.stm32cube.ide.mcu.externaltools.gnu-tools-for-stm32.13.3.rel1.win32_1.0.0.202411081344/tools/bin/../lib/gcc/arm-none-eabi/13.3.1/../../../../arm-none-eabi/lib/thumb/v7e-m+fp/hard\libm.a(libm_a-w_sqrt.o)
                0x0800e46c                sqrt
 *fill*         0x0800e4c4        0x4 
 .text.tan      0x0800e4c8       0x68 C:/ST/STM32CubeIDE_1.19.0/STM32CubeIDE/plugins/com.st.stm32cube.ide.mcu.externaltools.gnu-tools-for-stm32.13.3.rel1.win32_1.0.0.202411081344/tools/bin/../lib/gcc/arm-none-eabi/13.3.1/../../../../arm-none-eabi/lib/thumb/v7e-m+fp/hard\libm.a(libm_a-s_tan.o)
                0x0800e4c8                tan
 .text.finite   0x0800e530       0x16 C:/ST/STM32CubeIDE_1.19.0/STM32CubeIDE/plugins/com.st.stm32cube.ide.mcu.externaltools.gnu-tools-for-stm32.13.3.rel1.win32_1.0.0.202411081344/tools/bin/../lib/gcc/arm-none-eabi/13.3.1/../../../../arm-none-eabi/lib/thumb/v7e-m+fp/hard\libm.a(libm_a-s_finite.o)
                0x0800e530                finite
 .text.fmaxf    0x0800e546       0x3a C:/ST/STM32CubeIDE_1.19.0/STM32CubeIDE/plugins/com.st.stm32cube.ide.mcu.externaltools.gnu-tools-for-stm32.13.3.rel1.win32_1.0.0.202411081344/tools/bin/../lib/gcc/arm-none-eabi/13.3.1/../../../../arm-none-eabi/lib/thumb/v7e-m+fp/hard\libm.a(libm_a-sf_fmax.o)
                0x0800e546                fmaxf
 .text.fminf    0x0800e580       0x3a C:/ST/STM32CubeIDE_1.19.0/STM32CubeIDE/plugins/com.st.stm32cube.ide.mcu.externaltools.gnu-tools-for-stm32.13.3.rel1.win32_1.0.0.202411081344/tools/bin/../lib/gcc/arm-none-eabi/13.3.1/../../../../arm-none-eabi/lib/thumb/v7e-m+fp/hard\libm.a(libm_a-sf_fmin.o)
                0x0800e580                fminf
 *fill*         0x0800e5ba        0x2 
 .text.__fpclassifyf
                0x0800e5bc       0x38 C:/ST/STM32CubeIDE_1.19.0/STM32CubeIDE/plugins/com.st.stm32cube.ide.mcu.externaltools.gnu-tools-for-stm32.13.3.rel1.win32_1.0.0.202411081344/tools/bin/../lib/gcc/arm-none-eabi/13.3.1/../../../../arm-none-eabi/lib/thumb/v7e-m+fp/hard\libm.a(libm_a-sf_fpclassify.o)
                0x0800e5bc                __fpclassifyf
 .text.__ieee754_sqrt
                0x0800e5f4      0x1ac C:/ST/STM32CubeIDE_1.19.0/STM32CubeIDE/plugins/com.st.stm32cube.ide.mcu.externaltools.gnu-tools-for-stm32.13.3.rel1.win32_1.0.0.202411081344/tools/bin/../lib/gcc/arm-none-eabi/13.3.1/../../../../arm-none-eabi/lib/thumb/v7e-m+fp/hard\libm.a(libm_a-e_sqrt.o)
                0x0800e5f4                __ieee754_sqrt
 .text.__kernel_tan
                0x0800e7a0      0x404 C:/ST/STM32CubeIDE_1.19.0/STM32CubeIDE/plugins/com.st.stm32cube.ide.mcu.externaltools.gnu-tools-for-stm32.13.3.rel1.win32_1.0.0.202411081344/tools/bin/../lib/gcc/arm-none-eabi/13.3.1/../../../../arm-none-eabi/lib/thumb/v7e-m+fp/hard\libm.a(libm_a-k_tan.o)
                0x0800e7a0                __kernel_tan
 *fill*         0x0800eba4        0x4 
 .text.__ieee754_atan2
                0x0800eba8      0x18c C:/ST/STM32CubeIDE_1.19.0/STM32CubeIDE/plugins/com.st.stm32cube.ide.mcu.externaltools.gnu-tools-for-stm32.13.3.rel1.win32_1.0.0.202411081344/tools/bin/../lib/gcc/arm-none-eabi/13.3.1/../../../../arm-none-eabi/lib/thumb/v7e-m+fp/hard\libm.a(libm_a-e_atan2.o)
                0x0800eba8                __ieee754_atan2
 *fill*         0x0800ed34        0x4 
 .text.__ieee754_pow
                0x0800ed38      0xa94 C:/ST/STM32CubeIDE_1.19.0/STM32CubeIDE/plugins/com.st.stm32cube.ide.mcu.externaltools.gnu-tools-for-stm32.13.3.rel1.win32_1.0.0.202411081344/tools/bin/../lib/gcc/arm-none-eabi/13.3.1/../../../../arm-none-eabi/lib/thumb/v7e-m+fp/hard\libm.a(libm_a-e_pow.o)
                0x0800ed38                __ieee754_pow
 *fill*         0x0800f7cc        0x4 
 .text.__ieee754_rem_pio2
                0x0800f7d0      0x3f8 C:/ST/STM32CubeIDE_1.19.0/STM32CubeIDE/plugins/com.st.stm32cube.ide.mcu.externaltools.gnu-tools-for-stm32.13.3.rel1.win32_1.0.0.202411081344/tools/bin/../lib/gcc/arm-none-eabi/13.3.1/../../../../arm-none-eabi/lib/thumb/v7e-m+fp/hard\libm.a(libm_a-e_rem_pio2.o)
                0x0800f7d0                __ieee754_rem_pio2
 .text.atan     0x0800fbc8      0x330 C:/ST/STM32CubeIDE_1.19.0/STM32CubeIDE/plugins/com.st.stm32cube.ide.mcu.externaltools.gnu-tools-for-stm32.13.3.rel1.win32_1.0.0.202411081344/tools/bin/../lib/gcc/arm-none-eabi/13.3.1/../../../../arm-none-eabi/lib/thumb/v7e-m+fp/hard\libm.a(libm_a-s_atan.o)
                0x0800fbc8                atan
 .text.fabs     0x0800fef8       0x10 C:/ST/STM32CubeIDE_1.19.0/STM32CubeIDE/plugins/com.st.stm32cube.ide.mcu.externaltools.gnu-tools-for-stm32.13.3.rel1.win32_1.0.0.202411081344/tools/bin/../lib/gcc/arm-none-eabi/13.3.1/../../../../arm-none-eabi/lib/thumb/v7e-m+fp/hard\libm.a(libm_a-s_fabs.o)
                0x0800fef8                fabs
 .text.scalbn   0x0800ff08       0xf4 C:/ST/STM32CubeIDE_1.19.0/STM32CubeIDE/plugins/com.st.stm32cube.ide.mcu.externaltools.gnu-tools-for-stm32.13.3.rel1.win32_1.0.0.202411081344/tools/bin/../lib/gcc/arm-none-eabi/13.3.1/../../../../arm-none-eabi/lib/thumb/v7e-m+fp/hard\libm.a(libm_a-s_scalbn.o)
                0x0800ff08                scalbn
 .text.with_errno
                0x0800fffc       0x24 C:/ST/STM32CubeIDE_1.19.0/STM32CubeIDE/plugins/com.st.stm32cube.ide.mcu.externaltools.gnu-tools-for-stm32.13.3.rel1.win32_1.0.0.202411081344/tools/bin/../lib/gcc/arm-none-eabi/13.3.1/../../../../arm-none-eabi/lib/thumb/v7e-m+fp/hard\libm.a(libm_a-math_err.o)
 .text.xflow    0x08010020       0x32 C:/ST/STM32CubeIDE_1.19.0/STM32CubeIDE/plugins/com.st.stm32cube.ide.mcu.externaltools.gnu-tools-for-stm32.13.3.rel1.win32_1.0.0.202411081344/tools/bin/../lib/gcc/arm-none-eabi/13.3.1/../../../../arm-none-eabi/lib/thumb/v7e-m+fp/hard\libm.a(libm_a-math_err.o)
 *fill*         0x08010052        0x6 
 .text.__math_uflow
                0x08010058       0x10 C:/ST/STM32CubeIDE_1.19.0/STM32CubeIDE/plugins/com.st.stm32cube.ide.mcu.externaltools.gnu-tools-for-stm32.13.3.rel1.win32_1.0.0.202411081344/tools/bin/../lib/gcc/arm-none-eabi/13.3.1/../../../../arm-none-eabi/lib/thumb/v7e-m+fp/hard\libm.a(libm_a-math_err.o)
                0x08010058                __math_uflow
 .text.__math_oflow
                0x08010068       0x10 C:/ST/STM32CubeIDE_1.19.0/STM32CubeIDE/plugins/com.st.stm32cube.ide.mcu.externaltools.gnu-tools-for-stm32.13.3.rel1.win32_1.0.0.202411081344/tools/bin/../lib/gcc/arm-none-eabi/13.3.1/../../../../arm-none-eabi/lib/thumb/v7e-m+fp/hard\libm.a(libm_a-math_err.o)
                0x08010068                __math_oflow
 .text.__kernel_rem_pio2
                0x08010078      0x6a0 C:/ST/STM32CubeIDE_1.19.0/STM32CubeIDE/plugins/com.st.stm32cube.ide.mcu.externaltools.gnu-tools-for-stm32.13.3.rel1.win32_1.0.0.202411081344/tools/bin/../lib/gcc/arm-none-eabi/13.3.1/../../../../arm-none-eabi/lib/thumb/v7e-m+fp/hard\libm.a(libm_a-k_rem_pio2.o)
                0x08010078                __kernel_rem_pio2
 .text.floor    0x08010718       0xf8 C:/ST/STM32CubeIDE_1.19.0/STM32CubeIDE/plugins/com.st.stm32cube.ide.mcu.externaltools.gnu-tools-for-stm32.13.3.rel1.win32_1.0.0.202411081344/tools/bin/../lib/gcc/arm-none-eabi/13.3.1/../../../../arm-none-eabi/lib/thumb/v7e-m+fp/hard\libm.a(libm_a-s_floor.o)
                0x08010718                floor
 *(.glue_7)
 .glue_7        0x08010810        0x0 linker stubs
 *(.glue_7t)
 .glue_7t       0x08010810        0x0 linker stubs
 *(.eh_frame)
 .eh_frame      0x08010810        0x0 C:/ST/STM32CubeIDE_1.19.0/STM32CubeIDE/plugins/com.st.stm32cube.ide.mcu.externaltools.gnu-tools-for-stm32.13.3.rel1.win32_1.0.0.202411081344/tools/bin/../lib/gcc/arm-none-eabi/13.3.1/thumb/v7e-m+fp/hard/crtbegin.o
 *(.init)
 .init          0x08010810        0x4 C:/ST/STM32CubeIDE_1.19.0/STM32CubeIDE/plugins/com.st.stm32cube.ide.mcu.externaltools.gnu-tools-for-stm32.13.3.rel1.win32_1.0.0.202411081344/tools/bin/../lib/gcc/arm-none-eabi/13.3.1/thumb/v7e-m+fp/hard/crti.o
                0x08010810                _init
 .init          0x08010814        0x8 C:/ST/STM32CubeIDE_1.19.0/STM32CubeIDE/plugins/com.st.stm32cube.ide.mcu.externaltools.gnu-tools-for-stm32.13.3.rel1.win32_1.0.0.202411081344/tools/bin/../lib/gcc/arm-none-eabi/13.3.1/thumb/v7e-m+fp/hard/crtn.o
 *(.fini)
 .fini          0x0801081c        0x4 C:/ST/STM32CubeIDE_1.19.0/STM32CubeIDE/plugins/com.st.stm32cube.ide.mcu.externaltools.gnu-tools-for-stm32.13.3.rel1.win32_1.0.0.202411081344/tools/bin/../lib/gcc/arm-none-eabi/13.3.1/thumb/v7e-m+fp/hard/crti.o
                0x0801081c                _fini
 .fini          0x08010820        0x8 C:/ST/STM32CubeIDE_1.19.0/STM32CubeIDE/plugins/com.st.stm32cube.ide.mcu.externaltools.gnu-tools-for-stm32.13.3.rel1.win32_1.0.0.202411081344/tools/bin/../lib/gcc/arm-none-eabi/13.3.1/thumb/v7e-m+fp/hard/crtn.o
                0x08010828                        . = ALIGN (0x4)
                0x08010828                        _etext = .

.vfp11_veneer   0x08010828        0x0
 .vfp11_veneer  0x08010828        0x0 linker stubs

.v4_bx          0x08010828        0x0
 .v4_bx         0x08010828        0x0 linker stubs

.iplt           0x08010828        0x0
 .iplt          0x08010828        0x0 C:/ST/STM32CubeIDE_1.19.0/STM32CubeIDE/plugins/com.st.stm32cube.ide.mcu.externaltools.gnu-tools-for-stm32.13.3.rel1.win32_1.0.0.202411081344/tools/bin/../lib/gcc/arm-none-eabi/13.3.1/thumb/v7e-m+fp/hard/crtbegin.o

.rodata         0x08010828     0x1260
                0x08010828                        . = ALIGN (0x4)
 *(.rodata)
 .rodata        0x08010828      0x13c ./Core/Src/main.o
 .rodata        0x08010964       0xa2 ./Core/Src/motor.o
 *(.rodata*)
 *fill*         0x08010a06        0x2 
 .rodata.AHBPrescTable
                0x08010a08       0x10 ./Core/Src/system_stm32f4xx.o
                0x08010a08                AHBPrescTable
 .rodata.APBPrescTable
                0x08010a18        0x8 ./Core/Src/system_stm32f4xx.o
                0x08010a18                APBPrescTable
 .rodata.oled_asc2_1206
                0x08010a20      0x474 ./PeripheralDrivers/Src/oled.o
                0x08010a20                oled_asc2_1206
 .rodata.oled_asc2_1608
                0x08010e94      0x5f0 ./PeripheralDrivers/Src/oled.o
                0x08010e94                oled_asc2_1608
 .rodata._printf_float.str1.1
                0x08011484      0x171 C:/ST/STM32CubeIDE_1.19.0/STM32CubeIDE/plugins/com.st.stm32cube.ide.mcu.externaltools.gnu-tools-for-stm32.13.3.rel1.win32_1.0.0.202411081344/tools/bin/../lib/gcc/arm-none-eabi/13.3.1/../../../../arm-none-eabi/lib/thumb/v7e-m+fp/hard\libc_nano.a(libc_a-nano-vfprintf_float.o)
                                 0x12 (size before relaxing)
 .rodata._printf_i.str1.1
                0x080115f5       0x22 C:/ST/STM32CubeIDE_1.19.0/STM32CubeIDE/plugins/com.st.stm32cube.ide.mcu.externaltools.gnu-tools-for-stm32.13.3.rel1.win32_1.0.0.202411081344/tools/bin/../lib/gcc/arm-none-eabi/13.3.1/../../../../arm-none-eabi/lib/thumb/v7e-m+fp/hard\libc_nano.a(libc_a-nano-vfprintf_i.o)
 .rodata._dtoa_r.str1.1
                0x080115f5       0x8f C:/ST/STM32CubeIDE_1.19.0/STM32CubeIDE/plugins/com.st.stm32cube.ide.mcu.externaltools.gnu-tools-for-stm32.13.3.rel1.win32_1.0.0.202411081344/tools/bin/../lib/gcc/arm-none-eabi/13.3.1/../../../../arm-none-eabi/lib/thumb/v7e-m+fp/hard\libc_nano.a(libc_a-dtoa.o)
 .rodata._Balloc.str1.1
                0x080115f5       0x70 C:/ST/STM32CubeIDE_1.19.0/STM32CubeIDE/plugins/com.st.stm32cube.ide.mcu.externaltools.gnu-tools-for-stm32.13.3.rel1.win32_1.0.0.202411081344/tools/bin/../lib/gcc/arm-none-eabi/13.3.1/../../../../arm-none-eabi/lib/thumb/v7e-m+fp/hard\libc_nano.a(libc_a-mprec.o)
 .rodata.__multadd.str1.1
                0x080115f5       0x11 C:/ST/STM32CubeIDE_1.19.0/STM32CubeIDE/plugins/com.st.stm32cube.ide.mcu.externaltools.gnu-tools-for-stm32.13.3.rel1.win32_1.0.0.202411081344/tools/bin/../lib/gcc/arm-none-eabi/13.3.1/../../../../arm-none-eabi/lib/thumb/v7e-m+fp/hard\libc_nano.a(libc_a-mprec.o)
 *fill*         0x080115f5        0x3 